Component: ARM Compiler 5.06 update 7 (build 960) Tool: armlink [4d3601]

==============================================================================

Section Cross References

    startup_stm32f40xx.o(STACK) refers (Special) to heapauxi.o(.text) for __use_two_region_memory
    startup_stm32f40xx.o(HEAP) refers (Special) to heapauxi.o(.text) for __use_two_region_memory
    startup_stm32f40xx.o(RESET) refers (Special) to heapauxi.o(.text) for __use_two_region_memory
    startup_stm32f40xx.o(RESET) refers to startup_stm32f40xx.o(STACK) for __initial_sp
    startup_stm32f40xx.o(RESET) refers to startup_stm32f40xx.o(.text) for Reset_Handler
    startup_stm32f40xx.o(RESET) refers to stm32f4xx_it.o(.text) for NMI_Handler
    startup_stm32f40xx.o(RESET) refers to timer.o(.text) for SysTick_Handler
    startup_stm32f40xx.o(.text) refers (Special) to heapauxi.o(.text) for __use_two_region_memory
    startup_stm32f40xx.o(.text) refers to system_stm32f4xx.o(.text) for SystemInit
    startup_stm32f40xx.o(.text) refers to __main.o(!!!main) for __main
    startup_stm32f40xx.o(.text) refers to startup_stm32f40xx.o(HEAP) for Heap_Mem
    startup_stm32f40xx.o(.text) refers to startup_stm32f40xx.o(STACK) for Stack_Mem
    system_stm32f4xx.o(.text) refers to system_stm32f4xx.o(.data) for SystemCoreClock
    stm32f4xx_adc.o(.text) refers to stm32f4xx_rcc.o(.text) for RCC_APB2PeriphResetCmd
    stm32f4xx_can.o(.text) refers to stm32f4xx_rcc.o(.text) for RCC_APB1PeriphResetCmd
    stm32f4xx_cryp.o(.text) refers to stm32f4xx_rcc.o(.text) for RCC_AHB2PeriphResetCmd
    stm32f4xx_cryp_aes.o(.text) refers to stm32f4xx_cryp.o(.text) for CRYP_KeyStructInit
    stm32f4xx_cryp_des.o(.text) refers to stm32f4xx_cryp.o(.text) for CRYP_KeyStructInit
    stm32f4xx_cryp_tdes.o(.text) refers to stm32f4xx_cryp.o(.text) for CRYP_KeyStructInit
    stm32f4xx_dac.o(.text) refers to stm32f4xx_rcc.o(.text) for RCC_APB1PeriphResetCmd
    stm32f4xx_dma2d.o(.text) refers to stm32f4xx_rcc.o(.text) for RCC_AHB1PeriphResetCmd
    stm32f4xx_gpio.o(.text) refers to stm32f4xx_rcc.o(.text) for RCC_AHB1PeriphResetCmd
    stm32f4xx_hash.o(.text) refers to stm32f4xx_rcc.o(.text) for RCC_AHB2PeriphResetCmd
    stm32f4xx_hash_md5.o(.text) refers to stm32f4xx_hash.o(.text) for HASH_DeInit
    stm32f4xx_hash_sha1.o(.text) refers to stm32f4xx_hash.o(.text) for HASH_DeInit
    stm32f4xx_i2c.o(.text) refers to stm32f4xx_rcc.o(.text) for RCC_APB1PeriphResetCmd
    stm32f4xx_ltdc.o(.text) refers to stm32f4xx_rcc.o(.text) for RCC_APB2PeriphResetCmd
    stm32f4xx_pwr.o(.text) refers to stm32f4xx_rcc.o(.text) for RCC_APB1PeriphResetCmd
    stm32f4xx_rcc.o(.text) refers to stm32f4xx_rcc.o(.data) for APBAHBPrescTable
    stm32f4xx_rng.o(.text) refers to stm32f4xx_rcc.o(.text) for RCC_AHB2PeriphResetCmd
    stm32f4xx_sai.o(.text) refers to stm32f4xx_rcc.o(.text) for RCC_APB2PeriphResetCmd
    stm32f4xx_sdio.o(.text) refers to stm32f4xx_rcc.o(.text) for RCC_APB2PeriphResetCmd
    stm32f4xx_spi.o(.text) refers to stm32f4xx_rcc.o(.text) for RCC_APB2PeriphResetCmd
    stm32f4xx_syscfg.o(.text) refers to stm32f4xx_rcc.o(.text) for RCC_APB2PeriphResetCmd
    stm32f4xx_tim.o(.text) refers to stm32f4xx_rcc.o(.text) for RCC_APB2PeriphResetCmd
    stm32f4xx_usart.o(.text) refers to stm32f4xx_rcc.o(.text) for RCC_APB2PeriphResetCmd
    stm32f4xx_wwdg.o(.text) refers to stm32f4xx_rcc.o(.text) for RCC_APB1PeriphResetCmd
    main.o(.text) refers to stm32f4xx_rcc.o(.text) for RCC_APB1PeriphClockCmd
    main.o(.text) refers to timer.o(.text) for timer_init
    main.o(.text) refers to app.o(.text) for app_init
    main.o(.text) refers to adc.o(.text) for fnADC_Init
    main.o(.text) refers to switch.o(.text) for fnSW_Init
    main.o(.text) refers to uart.o(.text) for fnUA_Init
    main.o(.text) refers to uartwifi.o(.text) for fnWFUA_Init
    main.o(.text) refers to wifi.o(.text) for fnWF_Init
    main.o(.text) refers to rtmanage.o(.text) for fnRTM_Init
    main.o(.text) refers to detapp.o(.text) for fnDetApp_Init
    timer.o(.text) refers to system_stm32f4xx.o(.data) for SystemCoreClock
    timer.o(.text) refers to timer.o(.bss) for g_tm_stTimerFlag
    timer.o(.text) refers to timer.o(.data) for tm_uchTimer16msCount
    app.o(.text) refers to stm32f4xx_rcc.o(.text) for RCC_AHB1PeriphClockCmd
    app.o(.text) refers to stm32f4xx_gpio.o(.text) for GPIO_Init
    app.o(.text) refers to io.o(.text) for SET_IO_OUT_HS
    app.o(.text) refers to strlen.o(.text) for strlen
    app.o(.text) refers to rt_memcpy_v6.o(.text) for __aeabi_memcpy
    app.o(.text) refers to timer.o(.bss) for g_tm_stTimerFlag
    app.o(.text) refers to app.o(.constdata) for ap_uchid
    uart.o(.text) refers to stm32f4xx_rcc.o(.text) for RCC_APB1PeriphClockCmd
    uart.o(.text) refers to stm32f4xx_usart.o(.text) for USART_Init
    uart.o(.text) refers to stm32f4xx_gpio.o(.text) for GPIO_Init
    uart.o(.text) refers to rt_memclr.o(.text) for __aeabi_memclr
    uart.o(.text) refers to dma.o(.text) for fnDMA_UARTInit
[...]
    User\App.c                               0x00000000   Number         0  app.o ABSOLUTE
    User\DAC.c                               0x00000000   Number         0  dac.o ABSOLUTE
    User\DMA.c                               0x00000000   Number         0  dma.o ABSOLUTE
    User\DMAWiFi.c                           0x00000000   Number         0  dmawifi.o ABSOLUTE
    User\DetApp.c                            0x00000000   Number         0  detapp.o ABSOLUTE
    User\IO.c                                0x00000000   Number         0  io.o ABSOLUTE
    User\RTManage.c                          0x00000000   Number         0  rtmanage.o ABSOLUTE
    User\Timer.c                             0x00000000   Number         0  timer.o ABSOLUTE
    User\Uart.c                              0x00000000   Number         0  uart.o ABSOLUTE
    User\UartWiFi.c                          0x00000000   Number         0  uartwifi.o ABSOLUTE
    User\WiFi.c                              0x00000000   Number         0  wifi.o ABSOLUTE
    User\\App.c                              0x00000000   Number         0  app.o ABSOLUTE
    User\\DAC.c                              0x00000000   Number         0  dac.o ABSOLUTE
    User\\DMA.c                              0x00000000   Number         0  dma.o ABSOLUTE
    User\\DMAWiFi.c                          0x00000000   Number         0  dmawifi.o ABSOLUTE
    User\\DetApp.c                           0x00000000   Number         0  detapp.o ABSOLUTE
    User\\IO.c                               0x00000000   Number         0  io.o ABSOLUTE
    User\\RTManage.c                         0x00000000   Number         0  rtmanage.o ABSOLUTE
    User\\Timer.c                            0x00000000   Number         0  timer.o ABSOLUTE
    User\\Uart.c                             0x00000000   Number         0  uart.o ABSOLUTE
    User\\UartWiFi.c                         0x00000000   Number         0  uartwifi.o ABSOLUTE
    User\\WiFi.c                             0x00000000   Number         0  wifi.o ABSOLUTE
    User\\adc.c                              0x00000000   Number         0  adc.o ABSOLUTE
    User\\baoluo.c                           0x00000000   Number         0  baoluo.o ABSOLUTE
    User\\fft.c                              0x00000000   Number         0  fft.o ABSOLUTE
    User\\filter.c                           0x00000000   Number         0  filter.o ABSOLUTE
    User\\main.c                             0x00000000   Number         0  main.o ABSOLUTE
    User\\strs.c                             0x00000000   Number         0  strs.o ABSOLUTE
    User\\switch.c                           0x00000000   Number         0  switch.o ABSOLUTE
    User\\transmit.c                         0x00000000   Number         0  transmit.o ABSOLUTE
    User\adc.c                               0x00000000   Number         0  adc.o ABSOLUTE
    User\baoluo.c                            0x00000000   Number         0  baoluo.o ABSOLUTE
    User\data.c                              0x00000000   Number         0  data.o ABSOLUTE
    User\fft.c                               0x00000000   Number         0  fft.o ABSOLUTE
    User\filter.c                            0x00000000   Number         0  filter.o ABSOLUTE
    User\main.c                              0x00000000   Number         0  main.o ABSOLUTE
    User\strs.c                              0x00000000   Number         0  strs.o ABSOLUTE
    User\switch.c                            0x00000000   Number         0  switch.o ABSOLUTE
    User\transmit.c                          0x00000000   Number         0  transmit.o ABSOLUTE
    dc.s                                     0x00000000   Number         0  dc.o ABSOLUTE
    RESET                                    0x08000000   Section      392  startup_stm32f40xx.o(RESET)
    !!!main                                  0x08000188   Section        8  __main.o(!!!main)
    !!!scatter                               0x08000190   Section       52  __scatter.o(!!!scatter)
    !!handler_copy                           0x080001c4   Section       26  __scatter_copy.o(!!handler_copy)
    !!handler_zi                             0x080001e0   Section       28  __scatter_zi.o(!!handler_zi)
    .ARM.Collect$$libinit$$00000000          0x080001fc   Section        2  libinit.o(.ARM.Collect$$libinit$$00000000)
    .ARM.Collect$$libinit$$00000001          0x080001fe   Section        4  libinit2.o(.ARM.Collect$$libinit$$00000001)
    .ARM.Collect$$libinit$$00000004          0x08000202   Section        0  libinit2.o(.ARM.Collect$$libinit$$00000004)
    .ARM.Collect$$libinit$$0000000A          0x08000202   Section        0  libinit2.o(.ARM.Collect$$libinit$$0000000A)
    .ARM.Collect$$libinit$$0000000C          0x08000202   Section        0  libinit2.o(.ARM.Collect$$libinit$$0000000C)
    .ARM.Collect$$libinit$$0000000E          0x08000202   Section        0  libinit2.o(.ARM.Collect$$libinit$$0000000E)
    .ARM.Collect$$libinit$$00000011          0x08000202   Section        0  libinit2.o(.ARM.Collect$$libinit$$00000011)
    .ARM.Collect$$libinit$$00000013          0x08000202   Section        0  libinit2.o(.ARM.Collect$$libinit$$00000013)
    .ARM.Collect$$libinit$$00000015          0x08000202   Section        0  libinit2.o(.ARM.Collect$$libinit$$00000015)
    .ARM.Collect$$libinit$$00000017          0x08000202   Section        0  libinit2.o(.ARM.Collect$$libinit$$00000017)
    .ARM.Collect$$libinit$$00000019          0x08000202   Section        0  libinit2.o(.ARM.Collect$$libinit$$00000019)
    .ARM.Collect$$libinit$$0000001B          0x08000202   Section        0  libinit2.o(.ARM.Collect$$libinit$$0000001B)
    .ARM.Collect$$libinit$$0000001D          0x08000202   Section        0  libinit2.o(.ARM.Collect$$libinit$$0000001D)
    .ARM.Collect$$libinit$$0000001F          0x08000202   Section        0  libinit2.o(.ARM.Collect$$libinit$$0000001F)
    .ARM.Collect$$libinit$$00000021          0x08000202   Section        0  libinit2.o(.ARM.Collect$$libinit$$00000021)
    .ARM.Collect$$libinit$$00000023          0x08000202   Section        0  libinit2.o(.ARM.Collect$$libinit$$00000023)
    .ARM.Collect$$libinit$$00000025          0x08000202   Section        0  libinit2.o(.ARM.Collect$$libinit$$00000025)
    .ARM.Collect$$libinit$$0000002C          0x08000202   Section        0  libinit2.o(.ARM.Collect$$libinit$$0000002C)
    .ARM.Collect$$libinit$$0000002E          0x08000202   Section        0  libinit2.o(.ARM.Collect$$libinit$$0000002E)
    .ARM.Collect$$libinit$$00000030          0x08000202   Section        0  libinit2.o(.ARM.Collect$$libinit$$00000030)
    .ARM.Collect$$libinit$$00000032          0x08000202   Section        0  libinit2.o(.ARM.Collect$$libinit$$00000032)
    .ARM.Collect$$libinit$$00000033          0x08000202   Section        2  libinit2.o(.ARM.Collect$$libinit$$00000033)
    .ARM.Collect$$libshutdown$$00000000      0x08000204   Section        2  libshutdown.o(.ARM.Collect$$libshutdown$$00000000)
    .ARM.Collect$$libshutdown$$00000002      0x08000206   Section        0  libshutdown2.o(.ARM.Collect$$libshutdown$$00000002)
    .ARM.Collect$$libshutdown$$00000004      0x08000206   Section        0  libshutdown2.o(.ARM.Collect$$libshutdown$$00000004)
    .ARM.Collect$$libshutdown$$00000006      0x08000206   Section        0  libshutdown2.o(.ARM.Collect$$libshutdown$$00000006)
    .ARM.Collect$$libshutdown$$00000009      0x08000206   Section        0  libshutdown2.o(.ARM.Collect$$libshutdown$$00000009)
    .ARM.Collect$$libshutdown$$0000000C      0x08000206   Section        0  libshutdown2.o(.ARM.Collect$$libshutdown$$0000000C)
    .ARM.Collect$$libshutdown$$0000000E      0x08000206   Section        0  libshutdown2.o(.ARM.Collect$$libshutdown$$0000000E)
    .ARM.Collect$$libshutdown$$00000011      0x08000206   Section        0  libshutdown2.o(.ARM.Collect$$libshutdown$$00000011)
    .ARM.Collect$$libshutdown$$00000012      0x08000206   Section        2  libshutdown2.o(.ARM.Collect$$libshutdown$$00000012)
    .ARM.Collect$$rtentry$$00000000          0x08000208   Section        0  __rtentry.o(.ARM.Collect$$rtentry$$00000000)
    .ARM.Collect$$rtentry$$00000002          0x08000208   Section        0  __rtentry2.o(.ARM.Collect$$rtentry$$00000002)
    .ARM.Collect$$rtentry$$00000004          0x08000208   Section        6  __rtentry4.o(.ARM.Collect$$rtentry$$00000004)
    .ARM.Collect$$rtentry$$00000009          0x0800020e   Section        0  __rtentry2.o(.ARM.Collect$$rtentry$$00000009)
    .ARM.Collect$$rtentry$$0000000A          0x0800020e   Section        4  __rtentry2.o(.ARM.Collect$$rtentry$$0000000A)
    .ARM.Collect$$rtentry$$0000000C          0x08000212   Section        0  __rtentry2.o(.ARM.Collect$$rtentry$$0000000C)
    .ARM.Collect$$rtentry$$0000000D          0x08000212   Section        8  __rtentry2.o(.ARM.Collect$$rtentry$$0000000D)
    .ARM.Collect$$rtexit$$00000000           0x0800021a   Section        2  rtexit.o(.ARM.Collect$$rtexit$$00000000)
    .ARM.Collect$$rtexit$$00000002           0x0800021c   Section        0  rtexit2.o(.ARM.Collect$$rtexit$$00000002)
    .ARM.Collect$$rtexit$$00000003           0x0800021c   Section        4  rtexit2.o(.ARM.Collect$$rtexit$$00000003)
    .ARM.Collect$$rtexit$$00000004           0x08000220   Section        6  rtexit2.o(.ARM.Collect$$rtexit$$00000004)
    .text                                    0x08000228   Section       64  startup_stm32f40xx.o(.text)
    $v0                                      0x08000228   Number         0  startup_stm32f40xx.o(.text)
    .text                                    0x08000268   Section        0  stm32f4xx_it.o(.text)
    .text                                    0x080002d4   Section        0  system_stm32f4xx.o(.text)
    SetSysClock                              0x080002d5   Thumb Code   220  system_stm32f4xx.o(.text)
    .text                                    0x080004e4   Section        0  stm32f4xx_adc.o(.text)
    .text                                    0x08000948   Section        0  stm32f4xx_dma.o(.text)
    .text                                    0x08000cf0   Section        0  stm32f4xx_fsmc.o(.text)
    .text                                    0x080012f8   Section        0  stm32f4xx_gpio.o(.text)
    .text                                    0x0800158c   Section        0  stm32f4xx_rcc.o(.text)
    .text                                    0x08001bc0   Section        0  stm32f4xx_usart.o(.text)
    .text                                    0x08002014   Section        0  main.o(.text)
    .text                                    0x08002080   Section        0  io.o(.text)
    .text                                    0x080022d0   Section        0  timer.o(.text)
    .text                                    0x0800245c   Section        0  app.o(.text)
    .text                                    0x080024d4   Section        0  uart.o(.text)
    .text                                    0x08002878   Section        0  adc.o(.text)
    .text                                    0x08002e08   Section        0  dma.o(.text)
    .text                                    0x08002fe4   Section        0  dmawifi.o(.text)
    .text                                    0x08003254   Section        0  uartwifi.o(.text)
    .text                                    0x080036cc   Section        0  wifi.o(.text)
    .text                                    0x0800384c   Section        0  rtmanage.o(.text)
    .text                                    0x08004064   Section        0  strs.o(.text)
    .text                                    0x0800448c   Section        0  detapp.o(.text)
    .text                                    0x08004660   Section        0  switch.o(.text)
    .text                                    0x08004834   Section        0  strlen.o(.text)
    .text                                    0x08004872   Section      138  rt_memcpy_v6.o(.text)
    .text                                    0x080048fc   Section       68  rt_memclr.o(.text)
    .text                                    0x08004940   Section       78  rt_memclr_w.o(.text)
    .text                                    0x0800498e   Section        0  heapauxi.o(.text)
    .text                                    0x08004994   Section      100  rt_memcpy_w.o(.text)
    .text                                    0x080049f8   Section        8  libspace.o(.text)
    .text                                    0x08004a00   Section       74  sys_stackheap_outer.o(.text)
    .text                                    0x08004a4a   Section        0  exit.o(.text)
    .text                                    0x08004a5c   Section        0  sys_exit.o(.text)
    .text                                    0x08004a68   Section        2  use_no_semi.o(.text)
    .text                                    0x08004a6a   Section        0  indicate_semi.o(.text)
    x$fpl$fpinit                             0x08004a6a   Section       10  fpinit.o(x$fpl$fpinit)
    $v0                                      0x08004a6a   Number         0  fpinit.o(x$fpl$fpinit)
    .constdata                               0x08004a74   Section       25  app.o(.constdata)
    .constdata                               0x08004a90   Section       64  adc.o(.constdata)
    .constdata                               0x08004ad0   Section      499  rtmanage.o(.constdata)
    .constdata                               0x08004cc3   Section        3  switch.o(.constdata)
    .data                                    0x20000000   Section       20  system_stm32f4xx.o(.data)
    .data                                    0x20000014   Section       16  stm32f4xx_rcc.o(.data)
    APBAHBPrescTable                         0x20000014   Data          16  stm32f4xx_rcc.o(.data)
    .data                                    0x20000024   Section        8  timer.o(.data)
    tm_uchTimer16msCount                     0x20000024   Data           2  timer.o(.data)
    tm_uchTimer500usCount                    0x20000026   Data           1  timer.o(.data)
    tm_uchTimer2msCount                      0x20000027   Data           1  timer.o(.data)
    tm_uchTimer10msCount                     0x20000028   Data           1  timer.o(.data)
    tm_uchTimer100mscount                    0x20000029   Data           1  timer.o(.data)
    counter250us                             0x2000002a   Data           1  timer.o(.data)
    counter1s                                0x2000002b   Data           1  timer.o(.data)
    .data                                    0x2000002c   Section        1  uart.o(.data)
    crc                                      0x2000002c   Data           1  uart.o(.data)
    .data                                    0x20000030   Section       12  adc.o(.data)
    .data                                    0x2000003c   Section        6  dma.o(.data)
    .data                                    0x20000042   Section        6  dmawifi.o(.data)
    .data                                    0x20000048   Section        3  uartwifi.o(.data)
    crc                                      0x2000004a   Data           1  uartwifi.o(.data)
    .data                                    0x2000004b   Section        6  wifi.o(.data)
    wf_rst_state                             0x2000004e   Data           1  wifi.o(.data)
    timer                                    0x2000004f   Data           1  wifi.o(.data)
    setperiod                                0x20000050   Data           1  wifi.o(.data)
    .data                                    0x20000051   Section        3  rtmanage.o(.data)
    .data                                    0x20000054   Section        2  detapp.o(.data)
    msgid                                    0x20000054   Data           2  detapp.o(.data)
    .data                                    0x20000058   Section       24  switch.o(.data)
    .bss                                     0x20000070   Section       20  timer.o(.bss)
    .bss                                     0x20000084   Section     3146  uart.o(.bss)
    .bss                                     0x20000cce   Section     8192  adc.o(.bss)
    .bss                                     0x20002cce   Section     1152  dma.o(.bss)
    .bss                                     0x2000314e   Section     1152  dmawifi.o(.bss)
    .bss                                     0x200035ce   Section     3146  uartwifi.o(.bss)
    .bss                                     0x20004218   Section      120  rtmanage.o(.bss)
    .bss                                     0x20004290   Section      524  detapp.o(.bss)
    .bss                                     0x2000449c   Section       21  switch.o(.bss)
    .bss                                     0x200044b4   Section       96  libspace.o(.bss)
    HEAP                                     0x20004518   Section      512  startup_stm32f40xx.o(HEAP)
    Heap_Mem                                 0x20004518   Data         512  startup_stm32f40xx.o(HEAP)
    STACK                                    0x20004718   Section     1024  startup_stm32f40xx.o(STACK)
    Stack_Mem                                0x20004718   Data        1024  startup_stm32f40xx.o(STACK)
    __initial_sp                             0x20004b18   Data           0  startup_stm32f40xx.o(STACK)

    Global Symbols

    Symbol Name                              Value     Ov Type        Size  Object(Section)

    BuildAttributes$$THM_ISAv4$E$P$D$K$B$S$7EM$VFPi3$EXTD16$VFPS$VFMA$PE$A:L22UL41UL21$X:L11$S22US41US21$IEEE1$IW$USESV6$~STKCKD$USESV7$~SHL$OTIME$ROPI$IEEEX$EBA8$UX$STANDARDLIB$REQ8$PRES8$EABIv2 0x00000000   Number         0  anon$$obj.o ABSOLUTE
    __ARM_use_no_argv                        0x00000000   Number         0  main.o ABSOLUTE
    __ARM_exceptions_init                     - Undefined Weak Reference
    __alloca_initialize                       - Undefined Weak Reference
    __arm_fini_                               - Undefined Weak Reference
    __arm_preinit_                            - Undefined Weak Reference
    __cpp_initialize__aeabi_                  - Undefined Weak Reference
    __cxa_finalize                            - Undefined Weak Reference
    __rt_locale                               - Undefined Weak Reference
    __sigvec_lookup                           - Undefined Weak Reference
    _atexit_init                              - Undefined Weak Reference
    _call_atexit_fns                          - Undefined Weak Reference
    _clock_init                               - Undefined Weak Reference
    _fp_trap_init                             - Undefined Weak Reference
    _fp_trap_shutdown                         - Undefined Weak Reference
    _get_lc_collate                           - Undefined Weak Reference
    _get_lc_ctype                             - Undefined Weak Reference
    _get_lc_monetary                          - Undefined Weak Reference
    _get_lc_numeric                           - Undefined Weak Reference
    _get_lc_time                              - Undefined Weak Reference
    _getenv_init                              - Undefined Weak Reference
    _handle_redirection                       - Undefined Weak Reference
    _init_alloc                               - Undefined Weak Reference
    _init_user_alloc                          - Undefined Weak Reference
    _initio                                   - Undefined Weak Reference
    _rand_init                                - Undefined Weak Reference
    _signal_finish                            - Undefined Weak Reference
    _signal_init                              - Undefined Weak Reference
    _terminate_alloc                          - Undefined Weak Reference
    _terminate_user_alloc                     - Undefined Weak Reference
    _terminateio                              - Undefined Weak Reference
    __Vectors_Size                           0x00000188   Number         0  startup_stm32f40xx.o ABSOLUTE
    __Vectors                                0x08000000   Data           4  startup_stm32f40xx.o(RESET)
    __Vectors_End                            0x08000188   Data           0  startup_stm32f40xx.o(RESET)
    __main                                   0x08000189   Thumb Code     8  __main.o(!!!main)
    __scatterload                            0x08000191   Thumb Code     0  __scatter.o(!!!scatter)
    __scatterload_rt2                        0x08000191   Thumb Code    44  __scatter.o(!!!scatter)
    __scatterload_rt2_thumb_only             0x08000191   Thumb Code     0  __scatter.o(!!!scatter)
    __scatterload_null                       0x0800019f   Thumb Code     0  __scatter.o(!!!scatter)
    __scatterload_copy                       0x080001c5   Thumb Code    26  __scatter_copy.o(!!handler_copy)
    __scatterload_zeroinit                   0x080001e1   Thumb Code    28  __scatter_zi.o(!!handler_zi)
    __rt_lib_init                            0x080001fd   Thumb Code     0  libinit.o(.ARM.Collect$$libinit$$00000000)
    __rt_lib_init_fp_1                       0x080001ff   Thumb Code     0  libinit2.o(.ARM.Collect$$libinit$$00000001)
    __rt_lib_init_alloca_1                   0x08000203   Thumb Code     0  libinit2.o(.ARM.Collect$$libinit$$0000002E)
    __rt_lib_init_argv_1                     0x08000203   Thumb Code     0  libinit2.o(.ARM.Collect$$libinit$$0000002C)
    __rt_lib_init_atexit_1                   0x08000203   Thumb Code     0  libinit2.o(.ARM.Collect$$libinit$$0000001B)
    __rt_lib_init_clock_1                    0x08000203   Thumb Code     0  libinit2.o(.ARM.Collect$$libinit$$00000021)
    __rt_lib_init_cpp_1                      0x08000203   Thumb Code     0  libinit2.o(.ARM.Collect$$libinit$$00000032)
    __rt_lib_init_exceptions_1               0x08000203   Thumb Code     0  libinit2.o(.ARM.Collect$$libinit$$00000030)
    __rt_lib_init_fp_trap_1                  0x08000203   Thumb Code     0  libinit2.o(.ARM.Collect$$libinit$$0000001F)
    __rt_lib_init_getenv_1                   0x08000203   Thumb Code     0  libinit2.o(.ARM.Collect$$libinit$$00000023)
    __rt_lib_init_heap_1                     0x08000203   Thumb Code     0  libinit2.o(.ARM.Collect$$libinit$$0000000A)
    __rt_lib_init_lc_collate_1               0x08000203   Thumb Code     0  libinit2.o(.ARM.Collect$$libinit$$00000011)
    __rt_lib_init_lc_ctype_1                 0x08000203   Thumb Code     0  libinit2.o(.ARM.Collect$$libinit$$00000013)
    __rt_lib_init_lc_monetary_1              0x08000203   Thumb Code     0  libinit2.o(.ARM.Collect$$libinit$$00000015)
    __rt_lib_init_lc_numeric_1               0x08000203   Thumb Code     0  libinit2.o(.ARM.Collect$$libinit$$00000017)
    __rt_lib_init_lc_time_1                  0x08000203   Thumb Code     0  libinit2.o(.ARM.Collect$$libinit$$00000019)
    __rt_lib_init_preinit_1                  0x08000203   Thumb Code     0  libinit2.o(.ARM.Collect$$libinit$$00000004)
    __rt_lib_init_rand_1                     0x08000203   Thumb Code     0  libinit2.o(.ARM.Collect$$libinit$$0000000E)
    __rt_lib_init_return                     0x08000203   Thumb Code     0  libinit2.o(.ARM.Collect$$libinit$$00000033)
    __rt_lib_init_signal_1                   0x08000203   Thumb Code     0  libinit2.o(.ARM.Collect$$libinit$$0000001D)
    __rt_lib_init_stdio_1                    0x08000203   Thumb Code     0  libinit2.o(.ARM.Collect$$libinit$$00000025)
    __rt_lib_init_user_alloc_1               0x08000203   Thumb Code     0  libinit2.o(.ARM.Collect$$libinit$$0000000C)
    __rt_lib_shutdown                        0x08000205   Thumb Code     0  libshutdown.o(.ARM.Collect$$libshutdown$$00000000)
    __rt_lib_shutdown_cpp_1                  0x08000207   Thumb Code     0  libshutdown2.o(.ARM.Collect$$libshutdown$$00000004)
    __rt_lib_shutdown_fini_1                 0x08000207   Thumb Code     0  libshutdown2.o(.ARM.Collect$$libshutdown$$00000002)
    __rt_lib_shutdown_fp_trap_1              0x08000207   Thumb Code     0  libshutdown2.o(.ARM.Collect$$libshutdown$$00000009)
    __rt_lib_shutdown_heap_1                 0x08000207   Thumb Code     0  libshutdown2.o(.ARM.Collect$$libshutdown$$00000011)
    __rt_lib_shutdown_return                 0x08000207   Thumb Code     0  libshutdown2.o(.ARM.Collect$$libshutdown$$00000012)
    __rt_lib_shutdown_signal_1               0x08000207   Thumb Code     0  libshutdown2.o(.ARM.Collect$$libshutdown$$0000000C)
    __rt_lib_shutdown_stdio_1                0x08000207   Thumb Code     0  libshutdown2.o(.ARM.Collect$$libshutdown$$00000006)
    __rt_lib_shutdown_user_alloc_1           0x08000207   Thumb Code     0  libshutdown2.o(.ARM.Collect$$libshutdown$$0000000E)
    __rt_entry                               0x08000209   Thumb Code     0  __rtentry.o(.ARM.Collect$$rtentry$$00000000)
    __rt_entry_presh_1                       0x08000209   Thumb Code     0  __rtentry2.o(.ARM.Collect$$rtentry$$00000002)
    __rt_entry_sh                            0x08000209   Thumb Code     0  __rtentry4.o(.ARM.Collect$$rtentry$$00000004)
    __rt_entry_li                            0x0800020f   Thumb Code     0  __rtentry2.o(.ARM.Collect$$rtentry$$0000000A)
    __rt_entry_postsh_1                      0x0800020f   Thumb Code     0  __rtentry2.o(.ARM.Collect$$rtentry$$00000009)
    __rt_entry_main                          0x08000213   Thumb Code     0  __rtentry2.o(.ARM.Collect$$rtentry$$0000000D)
    __rt_entry_postli_1                      0x08000213   Thumb Code     0  __rtentry2.o(.ARM.Collect$$rtentry$$0000000C)
    __rt_exit                                0x0800021b   Thumb Code     0  rtexit.o(.ARM.Collect$$rtexit$$00000000)
    __rt_exit_ls                             0x0800021d   Thumb Code     0  rtexit2.o(.ARM.Collect$$rtexit$$00000003)
    __rt_exit_prels_1                        0x0800021d   Thumb Code     0  rtexit2.o(.ARM.Collect$$rtexit$$00000002)
    __rt_exit_exit                           0x08000221   Thumb Code     0  rtexit2.o(.ARM.Collect$$rtexit$$00000004)
    Reset_Handler                            0x08000229   Thumb Code     8  startup_stm32f40xx.o(.text)
    ADC_IRQHandler                           0x08000243   Thumb Code     0  startup_stm32f40xx.o(.text)
    CAN1_RX0_IRQHandler                      0x08000243   Thumb Code     0  startup_stm32f40xx.o(.text)
    CAN1_RX1_IRQHandler                      0x08000243   Thumb Code     0  startup_stm32f40xx.o(.text)
    CAN1_SCE_IRQHandler                      0x08000243   Thumb Code     0  startup_stm32f40xx.o(.text)
    CAN1_TX_IRQHandler                       0x08000243   Thumb Code     0  startup_stm32f40xx.o(.text)
    CAN2_RX0_IRQHandler                      0x08000243   Thumb Code     0  startup_stm32f40xx.o(.text)
    CAN2_RX1_IRQHandler                      0x08000243   Thumb Code     0  startup_stm32f40xx.o(.text)
    CAN2_SCE_IRQHandler                      0x08000243   Thumb Code     0  startup_stm32f40xx.o(.text)
    CAN2_TX_IRQHandler                       0x08000243   Thumb Code     0  startup_stm32f40xx.o(.text)
    CRYP_IRQHandler                          0x08000243   Thumb Code     0  startup_stm32f40xx.o(.text)
    DCMI_IRQHandler                          0x08000243   Thumb Code     0  startup_stm32f40xx.o(.text)
    DMA1_Stream0_IRQHandler                  0x08000243   Thumb Code     0  startup_stm32f40xx.o(.text)
    DMA1_Stream1_IRQHandler                  0x08000243   Thumb Code     0  startup_stm32f40xx.o(.text)
    DMA1_Stream2_IRQHandler                  0x08000243   Thumb Code     0  startup_stm32f40xx.o(.text)
    DMA1_Stream3_IRQHandler                  0x08000243   Thumb Code     0  startup_stm32f40xx.o(.text)
    DMA1_Stream4_IRQHandler                  0x08000243   Thumb Code     0  startup_stm32f40xx.o(.text)
    DMA1_Stream5_IRQHandler                  0x08000243   Thumb Code     0  startup_stm32f40xx.o(.text)
    DMA1_Stream6_IRQHandler                  0x08000243   Thumb Code     0  startup_stm32f40xx.o(.text)
    DMA1_Stream7_IRQHandler                  0x08000243   Thumb Code     0  startup_stm32f40xx.o(.text)
    DMA2_Stream0_IRQHandler                  0x08000243   Thumb Code     0  startup_stm32f40xx.o(.text)
    DMA2_Stream1_IRQHandler                  0x08000243   Thumb Code     0  startup_stm32f40xx.o(.text)
    DMA2_Stream2_IRQHandler                  0x08000243   Thumb Code     0  startup_stm32f40xx.o(.text)
    DMA2_Stream3_IRQHandler                  0x08000243   Thumb Code     0  startup_stm32f40xx.o(.text)
    DMA2_Stream4_IRQHandler                  0x08000243   Thumb Code     0  startup_stm32f40xx.o(.text)
    DMA2_Stream5_IRQHandler                  0x08000243   Thumb Code     0  startup_stm32f40xx.o(.text)
    DMA2_Stream6_IRQHandler                  0x08000243   Thumb Code     0  startup_stm32f40xx.o(.text)
    DMA2_Stream7_IRQHandler                  0x08000243   Thumb Code     0  startup_stm32f40xx.o(.text)
    ETH_IRQHandler                           0x08000243   Thumb Code     0  startup_stm32f40xx.o(.text)
    ETH_WKUP_IRQHandler                      0x08000243   Thumb Code     0  startup_stm32f40xx.o(.text)
    EXTI0_IRQHandler                         0x08000243   Thumb Code     0  startup_stm32f40xx.o(.text)
    EXTI15_10_IRQHandler                     0x08000243   Thumb Code     0  startup_stm32f40xx.o(.text)
    EXTI1_IRQHandler                         0x08000243   Thumb Code     0  startup_stm32f40xx.o(.text)
    EXTI2_IRQHandler                         0x08000243   Thumb Code     0  startup_stm32f40xx.o(.text)
    EXTI3_IRQHandler                         0x08000243   Thumb Code     0  startup_stm32f40xx.o(.text)
    EXTI4_IRQHandler                         0x08000243   Thumb Code     0  startup_stm32f40xx.o(.text)
    EXTI9_5_IRQHandler                       0x08000243   Thumb Code     0  startup_stm32f40xx.o(.text)
    FLASH_IRQHandler                         0x08000243   Thumb Code     0  startup_stm32f40xx.o(.text)
    FPU_IRQHandler                           0x08000243   Thumb Code     0  startup_stm32f40xx.o(.text)
    FSMC_IRQHandler                          0x08000243   Thumb Code     0  startup_stm32f40xx.o(.text)
    HASH_RNG_IRQHandler                      0x08000243   Thumb Code     0  startup_stm32f40xx.o(.text)
    I2C1_ER_IRQHandler                       0x08000243   Thumb Code     0  startup_stm32f40xx.o(.text)
    I2C1_EV_IRQHandler                       0x08000243   Thumb Code     0  startup_stm32f40xx.o(.text)
    I2C2_ER_IRQHandler                       0x08000243   Thumb Code     0  startup_stm32f40xx.o(.text)
    I2C2_EV_IRQHandler                       0x08000243   Thumb Code     0  startup_stm32f40xx.o(.text)
    I2C3_ER_IRQHandler                       0x08000243   Thumb Code     0  startup_stm32f40xx.o(.text)
    I2C3_EV_IRQHandler                       0x08000243   Thumb Code     0  startup_stm32f40xx.o(.text)
    OTG_FS_IRQHandler                        0x08000243   Thumb Code     0  startup_stm32f40xx.o(.text)
    OTG_FS_WKUP_IRQHandler                   0x08000243   Thumb Code     0  startup_stm32f40xx.o(.text)
    OTG_HS_EP1_IN_IRQHandler                 0x08000243   Thumb Code     0  startup_stm32f40xx.o(.text)
    OTG_HS_EP1_OUT_IRQHandler                0x08000243   Thumb Code     0  startup_stm32f40xx.o(.text)
    OTG_HS_IRQHandler                        0x08000243   Thumb Code     0  startup_stm32f40xx.o(.text)
    OTG_HS_WKUP_IRQHandler                   0x08000243   Thumb Code     0  startup_stm32f40xx.o(.text)
    PVD_IRQHandler                           0x08000243   Thumb Code     0  startup_stm32f40xx.o(.text)
    RCC_IRQHandler                           0x08000243   Thumb Code     0  startup_stm32f40xx.o(.text)
    RTC_Alarm_IRQHandler                     0x08000243   Thumb Code     0  startup_stm32f40xx.o(.text)
    RTC_WKUP_IRQHandler                      0x08000243   Thumb Code     0  startup_stm32f40xx.o(.text)
    SDIO_IRQHandler                          0x08000243   Thumb Code     0  startup_stm32f40xx.o(.text)
    SPI1_IRQHandler                          0x08000243   Thumb Code     0  startup_stm32f40xx.o(.text)
    SPI2_IRQHandler                          0x08000243   Thumb Code     0  startup_stm32f40xx.o(.text)
    SPI3_IRQHandler                          0x08000243   Thumb Code     0  startup_stm32f40xx.o(.text)
    TAMP_STAMP_IRQHandler                    0x08000243   Thumb Code     0  startup_stm32f40xx.o(.text)
    TIM1_BRK_TIM9_IRQHandler                 0x08000243   Thumb Code     0  startup_stm32f40xx.o(.text)
    TIM1_CC_IRQHandler                       0x08000243   Thumb Code     0  startup_stm32f40xx.o(.text)
    TIM1_TRG_COM_TIM11_IRQHandler            0x08000243   Thumb Code     0  startup_stm32f40xx.o(.text)
    TIM1_UP_TIM10_IRQHandler                 0x08000243   Thumb Code     0  startup_stm32f40xx.o(.text)
    TIM2_IRQHandler                          0x08000243   Thumb Code     0  startup_stm32f40xx.o(.text)
    TIM3_IRQHandler                          0x08000243   Thumb Code     0  startup_stm32f40xx.o(.text)
    TIM4_IRQHandler                          0x08000243   Thumb Code     0  startup_stm32f40xx.o(.text)
    TIM5_IRQHandler                          0x08000243   Thumb Code     0  startup_stm32f40xx.o(.text)
    TIM6_DAC_IRQHandler                      0x08000243   Thumb Code     0  startup_stm32f40xx.o(.text)
    TIM7_IRQHandler                          0x08000243   Thumb Code     0  startup_stm32f40xx.o(.text)
    TIM8_BRK_TIM12_IRQHandler                0x08000243   Thumb Code     0  startup_stm32f40xx.o(.text)
    TIM8_CC_IRQHandler                       0x08000243   Thumb Code     0  startup_stm32f40xx.o(.text)
    TIM8_TRG_COM_TIM14_IRQHandler            0x08000243   Thumb Code     0  startup_stm32f40xx.o(.text)
    TIM8_UP_TIM13_IRQHandler                 0x08000243   Thumb Code     0  startup_stm32f40xx.o(.text)
    UART4_IRQHandler                         0x08000243   Thumb Code     0  startup_stm32f40xx.o(.text)
    UART5_IRQHandler                         0x08000243   Thumb Code     0  startup_stm32f40xx.o(.text)
    USART1_IRQHandler                        0x08000243   Thumb Code     0  startup_stm32f40xx.o(.text)
    USART2_IRQHandler                        0x08000243   Thumb Code     0  startup_stm32f40xx.o(.text)
    USART3_IRQHandler                        0x08000243   Thumb Code     0  startup_stm32f40xx.o(.text)
    USART6_IRQHandler                        0x08000243   Thumb Code     0  startup_stm32f40xx.o(.text)
    WWDG_IRQHandler                          0x08000243   Thumb Code     0  startup_stm32f40xx.o(.text)
    __user_initial_stackheap                 0x08000245   Thumb Code     0  startup_stm32f40xx.o(.text)
    NMI_Handler                              0x08000269   Thumb Code     2  stm32f4xx_it.o(.text)
    HardFault_Handler                        0x0800026b   Thumb Code    38  stm32f4xx_it.o(.text)
    MemManage_Handler                        0x08000291   Thumb Code     4  stm32f4xx_it.o(.text)
    BusFault_Handler                         0x08000295   Thumb Code     4  stm32f4xx_it.o(.text)
    UsageFault_Handler                       0x08000299   Thumb Code     4  stm32f4xx_it.o(.text)
    SVC_Handler                              0x0800029d   Thumb Code     2  stm32f4xx_it.o(.text)
    DebugMon_Handler                         0x0800029f   Thumb Code     2  stm32f4xx_it.o(.text)
    PendSV_Handler                           0x080002a1   Thumb Code     2  stm32f4xx_it.o(.text)
    SystemInit                               0x080003b1   Thumb Code    88  system_stm32f4xx.o(.text)
    SystemCoreClockUpdate                    0x08000409   Thumb Code   174  system_stm32f4xx.o(.text)
    ADC_DeInit                               0x080004e5   Thumb Code    22  stm32f4xx_adc.o(.text)
    ADC_Init                                 0x080004fb   Thumb Code    74  stm32f4xx_adc.o(.text)
    ADC_StructInit                           0x08000545   Thumb Code    20  stm32f4xx_adc.o(.text)
    ADC_CommonInit                           0x08000559   Thumb Code    34  stm32f4xx_adc.o(.text)
    ADC_CommonStructInit                     0x0800057b   Thumb Code    12  stm32f4xx_adc.o(.text)
    ADC_Cmd                                  0x08000587   Thumb Code    22  stm32f4xx_adc.o(.text)
    ADC_AnalogWatchdogCmd                    0x0800059d   Thumb Code    16  stm32f4xx_adc.o(.text)
    ADC_AnalogWatchdogThresholdsConfig       0x080005ad   Thumb Code     6  stm32f4xx_adc.o(.text)
    ADC_AnalogWatchdogSingleChannelConfig    0x080005b3   Thumb Code    16  stm32f4xx_adc.o(.text)
    ADC_TempSensorVrefintCmd                 0x080005c3   Thumb Code    34  stm32f4xx_adc.o(.text)
    ADC_VBATCmd                              0x080005e5   Thumb Code    34  stm32f4xx_adc.o(.text)
    ADC_RegularChannelConfig                 0x08000607   Thumb Code   184  stm32f4xx_adc.o(.text)
    ADC_SoftwareStartConv                    0x080006bf   Thumb Code    10  stm32f4xx_adc.o(.text)
    ADC_GetSoftwareStartConvStatus           0x080006c9   Thumb Code    20  stm32f4xx_adc.o(.text)
    ADC_EOCOnEachRegularChannelCmd           0x080006dd   Thumb Code    22  stm32f4xx_adc.o(.text)
    ADC_ContinuousModeCmd                    0x080006f3   Thumb Code    22  stm32f4xx_adc.o(.text)
    ADC_DiscModeChannelCountConfig           0x08000709   Thumb Code    24  stm32f4xx_adc.o(.text)
    ADC_DiscModeCmd                          0x08000721   Thumb Code    22  stm32f4xx_adc.o(.text)
    ADC_GetConversionValue                   0x08000737   Thumb Code     8  stm32f4xx_adc.o(.text)
    ADC_GetMultiModeConversionValue          0x0800073f   Thumb Code     8  stm32f4xx_adc.o(.text)
    ADC_DMACmd                               0x08000747   Thumb Code    22  stm32f4xx_adc.o(.text)
    ADC_DMARequestAfterLastTransferCmd       0x0800075d   Thumb Code    22  stm32f4xx_adc.o(.text)
    ADC_MultiModeDMARequestAfterLastTransferCmd 0x08000773   Thumb Code    34  stm32f4xx_adc.o(.text)
    ADC_InjectedChannelConfig                0x08000795   Thumb Code   130  stm32f4xx_adc.o(.text)
    ADC_InjectedSequencerLengthConfig        0x08000817   Thumb Code    24  stm32f4xx_adc.o(.text)
    ADC_SetInjectedOffset                    0x0800082f   Thumb Code    20  stm32f4xx_adc.o(.text)
    ADC_ExternalTrigInjectedConvConfig       0x08000843   Thumb Code    16  stm32f4xx_adc.o(.text)
    ADC_ExternalTrigInjectedConvEdgeConfig   0x08000853   Thumb Code    16  stm32f4xx_adc.o(.text)
    ADC_SoftwareStartInjectedConv            0x08000863   Thumb Code    10  stm32f4xx_adc.o(.text)
    ADC_GetSoftwareStartInjectedConvCmdStatus 0x0800086d   Thumb Code    20  stm32f4xx_adc.o(.text)
    ADC_AutoInjectedConvCmd                  0x08000881   Thumb Code    22  stm32f4xx_adc.o(.text)
    ADC_InjectedDiscModeCmd                  0x08000897   Thumb Code    22  stm32f4xx_adc.o(.text)
    ADC_GetInjectedConversionValue           0x080008ad   Thumb Code    28  stm32f4xx_adc.o(.text)
    ADC_ITConfig                             0x080008c9   Thumb Code    56  stm32f4xx_adc.o(.text)
    ADC_GetFlagStatus                        0x08000901   Thumb Code    18  stm32f4xx_adc.o(.text)
    ADC_ClearFlag                            0x08000913   Thumb Code     6  stm32f4xx_adc.o(.text)
    ADC_GetITStatus                          0x08000919   Thumb Code    38  stm32f4xx_adc.o(.text)
    ADC_ClearITPendingBit                    0x0800093f   Thumb Code    10  stm32f4xx_adc.o(.text)
    DMA_DeInit                               0x08000949   Thumb Code   324  stm32f4xx_dma.o(.text)
    DMA_Init                                 0x08000a8d   Thumb Code    82  stm32f4xx_dma.o(.text)
    DMA_StructInit                           0x08000adf   Thumb Code    34  stm32f4xx_dma.o(.text)
    DMA_Cmd                                  0x08000b01   Thumb Code    22  stm32f4xx_dma.o(.text)
    DMA_PeriphIncOffsetSizeConfig            0x08000b17   Thumb Code    22  stm32f4xx_dma.o(.text)
    DMA_FlowControllerConfig                 0x08000b2d   Thumb Code    22  stm32f4xx_dma.o(.text)
    DMA_SetCurrDataCounter                   0x08000b43   Thumb Code     4  stm32f4xx_dma.o(.text)
    DMA_GetCurrDataCounter                   0x08000b47   Thumb Code     8  stm32f4xx_dma.o(.text)
    DMA_DoubleBufferModeConfig               0x08000b4f   Thumb Code    24  stm32f4xx_dma.o(.text)
    DMA_DoubleBufferModeCmd                  0x08000b67   Thumb Code    22  stm32f4xx_dma.o(.text)
    DMA_MemoryTargetConfig                   0x08000b7d   Thumb Code    10  stm32f4xx_dma.o(.text)
    DMA_GetCurrentMemoryTarget               0x08000b87   Thumb Code    20  stm32f4xx_dma.o(.text)
    DMA_GetCmdStatus                         0x08000b9b   Thumb Code    20  stm32f4xx_dma.o(.text)
    DMA_GetFIFOStatus                        0x08000baf   Thumb Code    12  stm32f4xx_dma.o(.text)
    DMA_GetFlagStatus                        0x08000bbb   Thumb Code    56  stm32f4xx_dma.o(.text)
    DMA_ClearFlag                            0x08000bf3   Thumb Code    40  stm32f4xx_dma.o(.text)
    DMA_ITConfig                             0x08000c1b   Thumb Code    58  stm32f4xx_dma.o(.text)
    DMA_GetITStatus                          0x08000c55   Thumb Code    84  stm32f4xx_dma.o(.text)
    DMA_ClearITPendingBit                    0x08000ca9   Thumb Code    40  stm32f4xx_dma.o(.text)
    FSMC_NORSRAMDeInit                       0x08000cf1   Thumb Code    54  stm32f4xx_fsmc.o(.text)
    FSMC_NORSRAMInit                         0x08000d27   Thumb Code   230  stm32f4xx_fsmc.o(.text)
    FSMC_NORSRAMStructInit                   0x08000e0d   Thumb Code   114  stm32f4xx_fsmc.o(.text)
    FSMC_NORSRAMCmd                          0x08000e7f   Thumb Code    46  stm32f4xx_fsmc.o(.text)
    FSMC_NANDDeInit                          0x08000ead   Thumb Code    62  stm32f4xx_fsmc.o(.text)
    FSMC_NANDInit                            0x08000eeb   Thumb Code   132  stm32f4xx_fsmc.o(.text)
    FSMC_NANDStructInit                      0x08000f6f   Thumb Code    54  stm32f4xx_fsmc.o(.text)
    FSMC_NANDCmd                             0x08000fa5   Thumb Code    86  stm32f4xx_fsmc.o(.text)
    FSMC_NANDECCCmd                          0x08000ffb   Thumb Code    86  stm32f4xx_fsmc.o(.text)
    FSMC_GetECC                              0x08001051   Thumb Code    24  stm32f4xx_fsmc.o(.text)
    FSMC_PCCARDDeInit                        0x08001069   Thumb Code    36  stm32f4xx_fsmc.o(.text)
    FSMC_PCCARDInit                          0x0800108d   Thumb Code   130  stm32f4xx_fsmc.o(.text)
    FSMC_PCCARDStructInit                    0x0800110f   Thumb Code    60  stm32f4xx_fsmc.o(.text)
    FSMC_PCCARDCmd                           0x0800114b   Thumb Code    44  stm32f4xx_fsmc.o(.text)
    FSMC_ITConfig                            0x08001177   Thumb Code   128  stm32f4xx_fsmc.o(.text)
    FSMC_GetFlagStatus                       0x080011f7   Thumb Code    54  stm32f4xx_fsmc.o(.text)
    FSMC_ClearFlag                           0x0800122d   Thumb Code    62  stm32f4xx_fsmc.o(.text)
    FSMC_GetITStatus                         0x0800126b   Thumb Code    72  stm32f4xx_fsmc.o(.text)
    FSMC_ClearITPendingBit                   0x080012b3   Thumb Code    66  stm32f4xx_fsmc.o(.text)
    GPIO_DeInit                              0x080012f9   Thumb Code   268  stm32f4xx_gpio.o(.text)
    GPIO_Init                                0x08001405   Thumb Code   144  stm32f4xx_gpio.o(.text)
    GPIO_StructInit                          0x08001495   Thumb Code    18  stm32f4xx_gpio.o(.text)
    GPIO_PinLockConfig                       0x080014a7   Thumb Code    34  stm32f4xx_gpio.o(.text)
    GPIO_ReadInputDataBit                    0x080014c9   Thumb Code    18  stm32f4xx_gpio.o(.text)
    GPIO_ReadInputData                       0x080014db   Thumb Code     8  stm32f4xx_gpio.o(.text)
    GPIO_ReadOutputDataBit                   0x080014e3   Thumb Code    18  stm32f4xx_gpio.o(.text)
    GPIO_ReadOutputData                      0x080014f5   Thumb Code     8  stm32f4xx_gpio.o(.text)
    GPIO_SetBits                             0x080014fd   Thumb Code     4  stm32f4xx_gpio.o(.text)
    GPIO_ResetBits                           0x08001501   Thumb Code     4  stm32f4xx_gpio.o(.text)
    GPIO_WriteBit                            0x08001505   Thumb Code    10  stm32f4xx_gpio.o(.text)
    GPIO_Write                               0x0800150f   Thumb Code     4  stm32f4xx_gpio.o(.text)
    GPIO_ToggleBits                          0x08001513   Thumb Code     8  stm32f4xx_gpio.o(.text)
    GPIO_PinAFConfig                         0x0800151b   Thumb Code    70  stm32f4xx_gpio.o(.text)
    RCC_DeInit                               0x0800158d   Thumb Code    82  stm32f4xx_rcc.o(.text)
    RCC_HSEConfig                            0x080015df   Thumb Code    14  stm32f4xx_rcc.o(.text)
    RCC_GetFlagStatus                        0x080015ed   Thumb Code    60  stm32f4xx_rcc.o(.text)
    RCC_WaitForHSEStartUp                    0x08001629   Thumb Code    56  stm32f4xx_rcc.o(.text)
    RCC_AdjustHSICalibrationValue            0x08001661   Thumb Code    20  stm32f4xx_rcc.o(.text)
    RCC_HSICmd                               0x08001675   Thumb Code     6  stm32f4xx_rcc.o(.text)
    RCC_LSEConfig                            0x0800167b   Thumb Code    46  stm32f4xx_rcc.o(.text)
    RCC_LSICmd                               0x080016a9   Thumb Code     6  stm32f4xx_rcc.o(.text)
    RCC_PLLConfig                            0x080016af   Thumb Code    32  stm32f4xx_rcc.o(.text)
    RCC_PLLCmd                               0x080016cf   Thumb Code     6  stm32f4xx_rcc.o(.text)
    RCC_PLLI2SConfig                         0x080016d5   Thumb Code    14  stm32f4xx_rcc.o(.text)
    RCC_PLLI2SCmd                            0x080016e3   Thumb Code     6  stm32f4xx_rcc.o(.text)
    RCC_PLLSAIConfig                         0x080016e9   Thumb Code    20  stm32f4xx_rcc.o(.text)
    RCC_PLLSAICmd                            0x080016fd   Thumb Code     6  stm32f4xx_rcc.o(.text)
    RCC_ClockSecuritySystemCmd               0x08001703   Thumb Code     6  stm32f4xx_rcc.o(.text)
    RCC_MCO1Config                           0x08001709   Thumb Code    28  stm32f4xx_rcc.o(.text)
    RCC_MCO2Config                           0x08001725   Thumb Code    28  stm32f4xx_rcc.o(.text)
    RCC_SYSCLKConfig                         0x08001741   Thumb Code    20  stm32f4xx_rcc.o(.text)
    RCC_GetSYSCLKSource                      0x08001755   Thumb Code    12  stm32f4xx_rcc.o(.text)
    RCC_HCLKConfig                           0x08001761   Thumb Code    20  stm32f4xx_rcc.o(.text)
    RCC_PCLK1Config                          0x08001775   Thumb Code    20  stm32f4xx_rcc.o(.text)
    RCC_PCLK2Config                          0x08001789   Thumb Code    22  stm32f4xx_rcc.o(.text)
    RCC_GetClocksFreq                        0x0800179f   Thumb Code   222  stm32f4xx_rcc.o(.text)
    RCC_RTCCLKConfig                         0x0800187d   Thumb Code    54  stm32f4xx_rcc.o(.text)
    RCC_RTCCLKCmd                            0x080018b3   Thumb Code     8  stm32f4xx_rcc.o(.text)
    RCC_BackupResetCmd                       0x080018bb   Thumb Code     8  stm32f4xx_rcc.o(.text)
    RCC_I2SCLKConfig                         0x080018c3   Thumb Code     6  stm32f4xx_rcc.o(.text)
    RCC_SAIPLLI2SClkDivConfig                0x080018c9   Thumb Code    26  stm32f4xx_rcc.o(.text)
    RCC_SAIPLLSAIClkDivConfig                0x080018e3   Thumb Code    28  stm32f4xx_rcc.o(.text)
    RCC_SAIBlockACLKConfig                   0x080018ff   Thumb Code    20  stm32f4xx_rcc.o(.text)
    RCC_SAIBlockBCLKConfig                   0x08001913   Thumb Code    20  stm32f4xx_rcc.o(.text)
    RCC_LTDCCLKDivConfig                     0x08001927   Thumb Code    20  stm32f4xx_rcc.o(.text)
    RCC_TIMCLKPresConfig                     0x0800193b   Thumb Code     6  stm32f4xx_rcc.o(.text)
    RCC_AHB1PeriphClockCmd                   0x08001941   Thumb Code    34  stm32f4xx_rcc.o(.text)
    RCC_AHB2PeriphClockCmd                   0x08001963   Thumb Code    78  stm32f4xx_rcc.o(.text)
    RCC_AHB3PeriphClockCmd                   0x080019b1   Thumb Code    34  stm32f4xx_rcc.o(.text)
    RCC_APB1PeriphClockCmd                   0x080019d3   Thumb Code    34  stm32f4xx_rcc.o(.text)
    RCC_APB2PeriphClockCmd                   0x080019f5   Thumb Code    34  stm32f4xx_rcc.o(.text)
    RCC_AHB1PeriphResetCmd                   0x08001a17   Thumb Code    34  stm32f4xx_rcc.o(.text)
    RCC_AHB2PeriphResetCmd                   0x08001a39   Thumb Code    34  stm32f4xx_rcc.o(.text)
    RCC_AHB3PeriphResetCmd                   0x08001a5b   Thumb Code    34  stm32f4xx_rcc.o(.text)
    RCC_APB1PeriphResetCmd                   0x08001a7d   Thumb Code    34  stm32f4xx_rcc.o(.text)
    RCC_APB2PeriphResetCmd                   0x08001a9f   Thumb Code    34  stm32f4xx_rcc.o(.text)
    RCC_AHB1PeriphClockLPModeCmd             0x08001ac1   Thumb Code    34  stm32f4xx_rcc.o(.text)
    RCC_AHB2PeriphClockLPModeCmd             0x08001ae3   Thumb Code    34  stm32f4xx_rcc.o(.text)
    RCC_AHB3PeriphClockLPModeCmd             0x08001b05   Thumb Code    34  stm32f4xx_rcc.o(.text)
    RCC_APB1PeriphClockLPModeCmd             0x08001b27   Thumb Code    34  stm32f4xx_rcc.o(.text)
    RCC_APB2PeriphClockLPModeCmd             0x08001b49   Thumb Code    34  stm32f4xx_rcc.o(.text)
    RCC_ITConfig                             0x08001b6b   Thumb Code    34  stm32f4xx_rcc.o(.text)
    RCC_ClearFlag                            0x08001b8d   Thumb Code    18  stm32f4xx_rcc.o(.text)
    RCC_GetITStatus                          0x08001b9f   Thumb Code    22  stm32f4xx_rcc.o(.text)
    RCC_ClearITPendingBit                    0x08001bb5   Thumb Code     8  stm32f4xx_rcc.o(.text)
    USART_DeInit                             0x08001bc1   Thumb Code   206  stm32f4xx_usart.o(.text)
    USART_Init                               0x08001c8f   Thumb Code   204  stm32f4xx_usart.o(.text)
    USART_StructInit                         0x08001d5b   Thumb Code    24  stm32f4xx_usart.o(.text)
    USART_ClockInit                          0x08001d73   Thumb Code    32  stm32f4xx_usart.o(.text)
    USART_ClockStructInit                    0x08001d93   Thumb Code    12  stm32f4xx_usart.o(.text)
    USART_Cmd                                0x08001d9f   Thumb Code    24  stm32f4xx_usart.o(.text)
    USART_SetPrescaler                       0x08001db7   Thumb Code    16  stm32f4xx_usart.o(.text)
    USART_OverSampling8Cmd                   0x08001dc7   Thumb Code    22  stm32f4xx_usart.o(.text)
    USART_OneBitMethodCmd                    0x08001ddd   Thumb Code    24  stm32f4xx_usart.o(.text)
    USART_SendData                           0x08001df5   Thumb Code     8  stm32f4xx_usart.o(.text)
    USART_ReceiveData                        0x08001dfd   Thumb Code    10  stm32f4xx_usart.o(.text)
    USART_SetAddress                         0x08001e07   Thumb Code    18  stm32f4xx_usart.o(.text)
    USART_ReceiverWakeUpCmd                  0x08001e19   Thumb Code    24  stm32f4xx_usart.o(.text)
    USART_WakeUpConfig                       0x08001e31   Thumb Code    18  stm32f4xx_usart.o(.text)
    USART_LINBreakDetectLengthConfig         0x08001e43   Thumb Code    18  stm32f4xx_usart.o(.text)
    USART_LINCmd                             0x08001e55   Thumb Code    24  stm32f4xx_usart.o(.text)
    USART_SendBreak                          0x08001e6d   Thumb Code    10  stm32f4xx_usart.o(.text)
    USART_HalfDuplexCmd                      0x08001e77   Thumb Code    24  stm32f4xx_usart.o(.text)
    USART_SetGuardTime                       0x08001e8f   Thumb Code    16  stm32f4xx_usart.o(.text)
    USART_SmartCardCmd                       0x08001e9f   Thumb Code    24  stm32f4xx_usart.o(.text)
    USART_SmartCardNACKCmd                   0x08001eb7   Thumb Code    24  stm32f4xx_usart.o(.text)
    USART_IrDAConfig                         0x08001ecf   Thumb Code    18  stm32f4xx_usart.o(.text)
    USART_IrDACmd                            0x08001ee1   Thumb Code    24  stm32f4xx_usart.o(.text)
    USART_DMACmd                             0x08001ef9   Thumb Code    18  stm32f4xx_usart.o(.text)
    USART_ITConfig                           0x08001f0b   Thumb Code    74  stm32f4xx_usart.o(.text)
    USART_GetFlagStatus                      0x08001f55   Thumb Code    26  stm32f4xx_usart.o(.text)
    USART_ClearFlag                          0x08001f6f   Thumb Code    18  stm32f4xx_usart.o(.text)
    USART_GetITStatus                        0x08001f81   Thumb Code   118  stm32f4xx_usart.o(.text)
    USART_ClearITPendingBit                  0x08001ff7   Thumb Code    30  stm32f4xx_usart.o(.text)
    sys_init                                 0x08002015   Thumb Code    12  main.o(.text)
    main                                     0x08002021   Thumb Code    96  main.o(.text)
    SET_IO_OUT_OPEN_DRAIN                    0x08002081   Thumb Code    46  io.o(.text)
    SET_IO_OUT                               0x080020af   Thumb Code    46  io.o(.text)
    SET_IO_OTYPE_PP                          0x080020dd   Thumb Code    24  io.o(.text)
    SET_IO_OUT_HS                            0x080020f5   Thumb Code    46  io.o(.text)
    SET_IO_SET_BIT                           0x08002123   Thumb Code     8  io.o(.text)
    SET_IO_RESET_BIT                         0x0800212b   Thumb Code     8  io.o(.text)
    SET_IO_IN_WITHOUTPULLUP                  0x08002133   Thumb Code    36  io.o(.text)
    SET_IO_IN_PULLUP                         0x08002157   Thumb Code    48  io.o(.text)
    SET_IO_ANALOG                            0x08002187   Thumb Code    26  io.o(.text)
    SET_IO_AFMODE_PP                         0x080021a1   Thumb Code    46  io.o(.text)
    SET_IO_AFMODE_PP_HS                      0x080021cf   Thumb Code     2  io.o(.text)
    SET_IO_HIGH                              0x080021d1   Thumb Code    28  io.o(.text)
    SET_IO_LOW                               0x080021ed   Thumb Code    28  io.o(.text)
    SET_IO_HIGH_OPEN_DRAIN                   0x08002209   Thumb Code    28  io.o(.text)
    SET_IO_LOW_OPEN_DRAIN                    0x08002225   Thumb Code    28  io.o(.text)
    SET_IO_TOGGLE                            0x08002241   Thumb Code    34  io.o(.text)
    GET_IO_STA                               0x08002263   Thumb Code    20  io.o(.text)
    GET_IO_OUTSTA                            0x08002277   Thumb Code    20  io.o(.text)
    SET_IO_AFConfig                          0x0800228b   Thumb Code    70  io.o(.text)
    timer_init                               0x080022d1   Thumb Code    44  timer.o(.text)
    timer_task                               0x080022fd   Thumb Code   114  timer.o(.text)
    timer_clear                              0x0800236f   Thumb Code    12  timer.o(.text)
    SysTick_Handler                          0x0800237b   Thumb Code   186  timer.o(.text)
    app_init                                 0x0800245d   Thumb Code    56  app.o(.text)
    app_task                                 0x08002495   Thumb Code    18  app.o(.text)
    fnAP_GetID                               0x080024a7   Thumb Code    32  app.o(.text)
    fnUA_UartInit                            0x080024d5   Thumb Code   102  uart.o(.text)
    fnUA_IOInit                              0x0800253b   Thumb Code    78  uart.o(.text)
    fnUA_RecMsg                              0x08002589   Thumb Code   444  uart.o(.text)
    fnUA_RegInit                             0x08002745   Thumb Code    34  uart.o(.text)
    fnUA_Init                                0x08002767   Thumb Code    26  uart.o(.text)
    fnUA_Monitor                             0x08002781   Thumb Code    44  uart.o(.text)
    fnUA_Clear                               0x080027ad   Thumb Code    10  uart.o(.text)
    fnUA_RealTime                            0x080027b7   Thumb Code   100  uart.o(.text)
    fnUA_SendReq                             0x0800281b   Thumb Code    54  uart.o(.text)
    fnUA_IsSend                              0x08002851   Thumb Code    14  uart.o(.text)
    SRAM_WriteUint16                         0x08002879   Thumb Code     8  adc.o(.text)
    SRAM_ReadUint16                          0x08002881   Thumb Code    10  adc.o(.text)
    fnADC_NORSRAMInit                        0x0800288b   Thumb Code   124  adc.o(.text)
    fnADC_SRAM_Configuration                 0x08002907   Thumb Code   638  adc.o(.text)
    fnADC_InitTimer                          0x08002b85   Thumb Code   106  adc.o(.text)
    fnADC_InitADC                            0x08002bef   Thumb Code   238  adc.o(.text)
    fnADC_Start                              0x08002cdd   Thumb Code   102  adc.o(.text)
    fnADC_InitDMA                            0x08002d43   Thumb Code   128  adc.o(.text)
    fnADC_Init                               0x08002dc3   Thumb Code    30  adc.o(.text)
    fnADC_Task                               0x08002de1   Thumb Code     2  adc.o(.text)
    fnADC_IsFinish                           0x08002de3   Thumb Code    14  adc.o(.text)
    fnDMA_UARTRxInit                         0x08002e09   Thumb Code   152  dma.o(.text)
    fnDMA_UARTTxInit                         0x08002ea1   Thumb Code   192  dma.o(.text)
    fnDMA_UART_IsTXIdle                      0x08002f61   Thumb Code    12  dma.o(.text)
    fnDMA_UARTTxStart                        0x08002f6d   Thumb Code    26  dma.o(.text)
    fnDMA_UARTInit                           0x08002f87   Thumb Code    28  dma.o(.text)
    fnDMA_UartRead                           0x08002fa3   Thumb Code     2  dma.o(.text)
    fnDMA_RealTime                           0x08002fa5   Thumb Code    22  dma.o(.text)
    fnDMA_GetSendBuff                        0x08002fbb   Thumb Code    12  dma.o(.text)
    fnWFDMA_UARTRxInit                       0x08002fe5   Thumb Code   142  dmawifi.o(.text)
    fnWFDMA_UARTTxInit                       0x08003073   Thumb Code   160  dmawifi.o(.text)
    fnWFDMA_UART_IsTXIdle                    0x08003113   Thumb Code    12  dmawifi.o(.text)
    fnWFDMA_SendBaoLuoEn                     0x0800311f   Thumb Code     6  dmawifi.o(.text)
    fnWFDMA_UARTTxStart                      0x08003125   Thumb Code    70  dmawifi.o(.text)
    fnWFDMA_UARTInit                         0x0800316b   Thumb Code    28  dmawifi.o(.text)
    fnWFDMA_UartRead                         0x08003187   Thumb Code   144  dmawifi.o(.text)
    fnWFDMA_RealTime                         0x08003217   Thumb Code    22  dmawifi.o(.text)
    fnWFDMA_GetSendBuff                      0x0800322d   Thumb Code    12  dmawifi.o(.text)
    fnWFUA_UartInit                          0x08003255   Thumb Code   102  uartwifi.o(.text)
    fnWFUA_IOInit                            0x080032bb   Thumb Code    82  uartwifi.o(.text)
    fnWFUA_RecMsg                            0x0800330d   Thumb Code   424  uartwifi.o(.text)
    fnWFUA_Monitor                           0x080034b5   Thumb Code    32  uartwifi.o(.text)
    fnWFUA_Clear                             0x080034d5   Thumb Code    10  uartwifi.o(.text)
    fnWFUA_RealTime                          0x080034df   Thumb Code   166  uartwifi.o(.text)
    fnWFUA_SendReq                           0x08003585   Thumb Code    70  uartwifi.o(.text)
    fnWFUA_SendReqEx                         0x080035cb   Thumb Code   100  uartwifi.o(.text)
    fnWFUA_IsSend                            0x0800362f   Thumb Code    14  uartwifi.o(.text)
    fnWFUA_RegInit                           0x0800363d   Thumb Code    68  uartwifi.o(.text)
    fnWFUA_Init                              0x08003681   Thumb Code    70  uartwifi.o(.text)
    fnWF_Init                                0x080036cd   Thumb Code   146  wifi.o(.text)
    fnWF_Reset                               0x0800375f   Thumb Code    68  wifi.o(.text)
    fnWF_RealTime                            0x080037a3   Thumb Code   124  wifi.o(.text)
    fnWF_ResetDeadTime                       0x0800381f   Thumb Code     8  wifi.o(.text)
    fnWF_ResetQueryTime                      0x08003827   Thumb Code     8  wifi.o(.text)
    rpc_getvaluebytype                       0x0800384d   Thumb Code   176  rtmanage.o(.text)
    rpc_getpointerbytype                     0x080038fd   Thumb Code    70  rtmanage.o(.text)
    fnRTM_GetParam_RoutineInfo               0x08003943   Thumb Code    54  rtmanage.o(.text)
    fnRTM_GetParam_RunMode                   0x08003979   Thumb Code    20  rtmanage.o(.text)
    fnRTM_GetParam_FlashVar                  0x0800398d   Thumb Code    60  rtmanage.o(.text)
    fnRTM_GetParam_Input                     0x080039c9   Thumb Code    28  rtmanage.o(.text)
    fnRTM_GetParam_Output                    0x080039e5   Thumb Code    28  rtmanage.o(.text)
    fnRTM_GetParam_VARS                      0x08003a01   Thumb Code    16  rtmanage.o(.text)
    fnRTM_GetParam_VOLATILEVARS              0x08003a11   Thumb Code    16  rtmanage.o(.text)
    fnRTM_GetParam_AD                        0x08003a21   Thumb Code    16  rtmanage.o(.text)
    fnRTM_GetParam_TM                        0x08003a31   Thumb Code    16  rtmanage.o(.text)
    fnRTM_GetParam_DY                        0x08003a41   Thumb Code    16  rtmanage.o(.text)
    fnRTM_GetParam_STEPNUM                   0x08003a51   Thumb Code    24  rtmanage.o(.text)
    fnRTM_GetParam_INS                       0x08003a69   Thumb Code    16  rtmanage.o(.text)
    fnRTM_GetParam_RUN                       0x08003a79   Thumb Code    24  rtmanage.o(.text)
    fnRTM_GetParam_RESULT                    0x08003a91   Thumb Code    24  rtmanage.o(.text)
    fnRTM_GetParam_RT                        0x08003aa9   Thumb Code    26  rtmanage.o(.text)
    fnRTM_GetParam_SYSINFO                   0x08003ac3   Thumb Code    74  rtmanage.o(.text)
    fnRTM_GetParam_MotorEn                   0x08003b0d   Thumb Code    22  rtmanage.o(.text)
    fnRTM_GetParam_DevName                   0x08003b23   Thumb Code    16  rtmanage.o(.text)
    fnRTM_GetAll                             0x08003b33   Thumb Code   132  rtmanage.o(.text)
    fnRTM_GetRT                              0x08003bb7   Thumb Code   110  rtmanage.o(.text)
    fnRTM_DelRT                              0x08003c25   Thumb Code     6  rtmanage.o(.text)
    fnRTM_SaveRT                             0x08003c2b   Thumb Code     6  rtmanage.o(.text)
    fnRTM_SaveRun                            0x08003c31   Thumb Code     6  rtmanage.o(.text)
    fnRTM_GetSys                             0x08003c37   Thumb Code   472  rtmanage.o(.text)
    fnRTM_SaveXVar                           0x08003e0f   Thumb Code     2  rtmanage.o(.text)
    fnRTM_SaveVar                            0x08003e11   Thumb Code     6  rtmanage.o(.text)
    fnRTM_SaveSys                            0x08003e17   Thumb Code    20  rtmanage.o(.text)
    fnRTM_ChangeMode                         0x08003e2b   Thumb Code    52  rtmanage.o(.text)
    fnRTM_SaveFlash                          0x08003e5f   Thumb Code     6  rtmanage.o(.text)
    fnRTM_GetSysInfo                         0x08003e65   Thumb Code    62  rtmanage.o(.text)
    fnRTM_GetParam_Binary                    0x08003ea3   Thumb Code     8  rtmanage.o(.text)
    fnRTM_SaveBinary                         0x08003eab   Thumb Code     6  rtmanage.o(.text)
    fnRTM_GetProgram                         0x08003eb1   Thumb Code     6  rtmanage.o(.text)
    fnRTM_ResetServer                        0x08003eb7   Thumb Code    36  rtmanage.o(.text)
    fnRTM_PingServer                         0x08003edb   Thumb Code    82  rtmanage.o(.text)
    fnRTM_ReqSend                            0x08003f2d   Thumb Code    18  rtmanage.o(.text)
    fnRTM_Comm                               0x08003f3f   Thumb Code   172  rtmanage.o(.text)
    fnRTM_RealTime                           0x08003feb   Thumb Code    46  rtmanage.o(.text)
    fnRTM_Init                               0x08004019   Thumb Code    24  rtmanage.o(.text)
    fnRTM_isDiag                             0x08004031   Thumb Code    12  rtmanage.o(.text)
    fnSTR_CompareCon                         0x08004065   Thumb Code    88  strs.o(.text)
    fnSTR_Compare                            0x080040bd   Thumb Code    84  strs.o(.text)
    fnSTR_STRToDec                           0x08004111   Thumb Code    32  strs.o(.text)
    fnSTR_DecToStr                           0x08004131   Thumb Code   142  strs.o(.text)
    fnSTR_Match                              0x080041bf   Thumb Code    54  strs.o(.text)
    fnSTR_MatchNonCon                        0x080041f5   Thumb Code    54  strs.o(.text)
    fnSTR_HexToAscii                         0x0800422b   Thumb Code    82  strs.o(.text)
    fnSTR_HexToStr                           0x0800427d   Thumb Code    52  strs.o(.text)
    fnSTR_NibbleToHex                        0x080042b1   Thumb Code    48  strs.o(.text)
    fnSTR_STRToHex                           0x080042e1   Thumb Code    70  strs.o(.text)
    fnSTR_ConStrCpy                          0x08004327   Thumb Code    32  strs.o(.text)
    fnSTR_Replace                            0x08004347   Thumb Code    34  strs.o(.text)
    fnSTR_Trim                               0x08004369   Thumb Code    64  strs.o(.text)
    fnSTR_DeliterText                        0x080043a9   Thumb Code   146  strs.o(.text)
    fnSTR_HexToStrZero                       0x0800443b   Thumb Code    80  strs.o(.text)
    fnDetApp_Init                            0x0800448d   Thumb Code    74  detapp.o(.text)
    fnDetApp_HandleADC                       0x080044d7   Thumb Code   134  detapp.o(.text)
    fnDetApp_ADC                             0x0800455d   Thumb Code   108  detapp.o(.text)
    fnDetApp_RealTime                        0x080045c9   Thumb Code   114  detapp.o(.text)
    fnSW_Clear                               0x08004661   Thumb Code    34  switch.o(.text)
    fnSW_Init                                0x08004683   Thumb Code    50  switch.o(.text)
    fnSW_GetState                            0x080046b5   Thumb Code    36  switch.o(.text)
    fnSW_RealTime                            0x080046d9   Thumb Code   330  switch.o(.text)
    strlen                                   0x08004835   Thumb Code    62  strlen.o(.text)
    __aeabi_memcpy                           0x08004873   Thumb Code     0  rt_memcpy_v6.o(.text)
    __rt_memcpy                              0x08004873   Thumb Code   138  rt_memcpy_v6.o(.text)
    _memcpy_lastbytes                        0x080048d9   Thumb Code     0  rt_memcpy_v6.o(.text)
    __aeabi_memclr                           0x080048fd   Thumb Code     0  rt_memclr.o(.text)
    __rt_memclr                              0x080048fd   Thumb Code    68  rt_memclr.o(.text)
    _memset                                  0x08004901   Thumb Code     0  rt_memclr.o(.text)
    __aeabi_memclr4                          0x08004941   Thumb Code     0  rt_memclr_w.o(.text)
    __aeabi_memclr8                          0x08004941   Thumb Code     0  rt_memclr_w.o(.text)
    __rt_memclr_w                            0x08004941   Thumb Code    78  rt_memclr_w.o(.text)
    _memset_w                                0x08004945   Thumb Code     0  rt_memclr_w.o(.text)
    __use_two_region_memory                  0x0800498f   Thumb Code     2  heapauxi.o(.text)
    __rt_heap_escrow$2region                 0x08004991   Thumb Code     2  heapauxi.o(.text)
    __rt_heap_expand$2region                 0x08004993   Thumb Code     2  heapauxi.o(.text)
    __aeabi_memcpy4                          0x08004995   Thumb Code     0  rt_memcpy_w.o(.text)
    __aeabi_memcpy8                          0x08004995   Thumb Code     0  rt_memcpy_w.o(.text)
    __rt_memcpy_w                            0x08004995   Thumb Code   100  rt_memcpy_w.o(.text)
    _memcpy_lastbytes_aligned                0x080049dd   Thumb Code     0  rt_memcpy_w.o(.text)
    __user_libspace                          0x080049f9   Thumb Code     8  libspace.o(.text)
    __user_perproc_libspace                  0x080049f9   Thumb Code     0  libspace.o(.text)
    __user_perthread_libspace                0x080049f9   Thumb Code     0  libspace.o(.text)
    __user_setup_stackheap                   0x08004a01   Thumb Code    74  sys_stackheap_outer.o(.text)
    exit                                     0x08004a4b   Thumb Code    18  exit.o(.text)
    _sys_exit                                0x08004a5d   Thumb Code     8  sys_exit.o(.text)
    __I$use$semihosting                      0x08004a69   Thumb Code     0  use_no_semi.o(.text)
    __use_no_semihosting_swi                 0x08004a69   Thumb Code     2  use_no_semi.o(.text)
    __semihosting_library_function           0x08004a6b   Thumb Code     0  indicate_semi.o(.text)
    _fp_init                                 0x08004a6b   Thumb Code    10  fpinit.o(x$fpl$fpinit)
    __fplib_config_fpu_vfp                   0x08004a73   Thumb Code     0  fpinit.o(x$fpl$fpinit)
    __fplib_config_pureend_doubles           0x08004a73   Thumb Code     0  fpinit.o(x$fpl$fpinit)
    ap_uchid                                 0x08004a74   Data          25  app.o(.constdata)
    ad_port_config                           0x08004a90   Data          64  adc.o(.constdata)
    rpcmethods                               0x08004ad0   Data         104  rtmanage.o(.constdata)
    g_hp_pm_1                                0x08004b38   Data          31  rtmanage.o(.constdata)
    g_hp_pm_2                                0x08004b57   Data          13  rtmanage.o(.constdata)
    g_hp_pm_3                                0x08004b64   Data           1  rtmanage.o(.constdata)
    g_hp_json_1                              0x08004b65   Data          26  rtmanage.o(.constdata)
    g_hp_json_2                              0x08004b7f   Data           6  rtmanage.o(.constdata)
    g_hp_json_3                              0x08004b85   Data           7  rtmanage.o(.constdata)
    g_hp_json_4                              0x08004b8c   Data           9  rtmanage.o(.constdata)
    g_hp_json_5                              0x08004b95   Data           9  rtmanage.o(.constdata)
    g_hp_json_6                              0x08004b9e   Data           8  rtmanage.o(.constdata)
    g_hp_json_7                              0x08004ba6   Data          13  rtmanage.o(.constdata)
    g_hp_json_8                              0x08004bb3   Data           8  rtmanage.o(.constdata)
    g_hp_json_9                              0x08004bbb   Data           2  rtmanage.o(.constdata)
    g_hp_getrt_1                             0x08004bbd   Data          27  rtmanage.o(.constdata)
    g_hp_getrt_2                             0x08004bd8   Data          12  rtmanage.o(.constdata)
    g_hp_getrt_3                             0x08004be4   Data           9  rtmanage.o(.constdata)
    g_hp_getrt_4                             0x08004bed   Data           9  rtmanage.o(.constdata)
    g_hp_delrt_1                             0x08004bf6   Data          31  rtmanage.o(.constdata)
    g_hp_delrt_2                             0x08004c15   Data          11  rtmanage.o(.constdata)
    g_hp_savert_1                            0x08004c20   Data          28  rtmanage.o(.constdata)
    g_hp_savert_2                            0x08004c3c   Data          11  rtmanage.o(.constdata)
    g_hp_saverun_1                           0x08004c47   Data          29  rtmanage.o(.constdata)
    g_hp_saverun_2                           0x08004c64   Data          11  rtmanage.o(.constdata)
    g_hp_getsys_1                            0x08004c6f   Data           8  rtmanage.o(.constdata)
    g_hp_getsys_2                            0x08004c77   Data          10  rtmanage.o(.constdata)
    g_hp_getsys_3                            0x08004c81   Data           8  rtmanage.o(.constdata)
    g_hp_getsys_4                            0x08004c89   Data           9  rtmanage.o(.constdata)
    g_hp_getsys_5                            0x08004c92   Data          11  rtmanage.o(.constdata)
    g_hp_getsys_6                            0x08004c9d   Data          11  rtmanage.o(.constdata)
    g_hp_getsys_7                            0x08004ca8   Data          10  rtmanage.o(.constdata)
    g_hp_getsys_8                            0x08004cb2   Data          10  rtmanage.o(.constdata)
    g_hp_getsys_9                            0x08004cbc   Data           7  rtmanage.o(.constdata)
    key_cPressTime                           0x08004cc3   Data           3  switch.o(.constdata)
    Region$$Table$$Base                      0x08004cc8   Number         0  anon$$obj.o(Region$$Table)
    Region$$Table$$Limit                     0x08004ce8   Number         0  anon$$obj.o(Region$$Table)
    SystemCoreClock                          0x20000000   Data           4  system_stm32f4xx.o(.data)
    AHBPrescTable                            0x20000004   Data          16  system_stm32f4xx.o(.data)
    g_adc_regs                               0x20000030   Data           6  adc.o(.data)
    g_adc_samplebuff                         0x20000038   Data           4  adc.o(.data)
    g_dma_uartregs                           0x2000003c   Data           6  dma.o(.data)
    g_wfdma_uartregs                         0x20000042   Data           6  dmawifi.o(.data)
    wfua_en_flag                             0x20000048   Data           1  uartwifi.o(.data)
    wfua_en_count                            0x20000049   Data           1  uartwifi.o(.data)
    g_wifi_stRegs                            0x2000004b   Data           3  wifi.o(.data)
    g_rtm_stBuff                             0x20000051   Data           3  rtmanage.o(.data)
    g_sw_stConfig                            0x20000058   Data          24  switch.o(.data)
    g_tm_stTimerFlag                         0x20000070   Data          10  timer.o(.bss)
    tm_sTimerFlag                            0x2000007a   Data          10  timer.o(.bss)
    g_ua_stRecRegs                           0x20000084   Data        1840  uart.o(.bss)
    g_ua_stSendRegs                          0x200007b4   Data        1306  uart.o(.bss)
    adc_sample_buff                          0x20000cce   Data        8192  adc.o(.bss)
    g_dma_uart_rxbuff                        0x20002cce   Data         128  dma.o(.bss)
    g_dma_uart_txbuff                        0x20002d4e   Data        1024  dma.o(.bss)
    g_wfdma_uart_rxbuff                      0x2000314e   Data         128  dmawifi.o(.bss)
    g_wfdma_uart_txbuff                      0x200031ce   Data        1024  dmawifi.o(.bss)
    g_wfua_stRecRegs                         0x200035ce   Data        1840  uartwifi.o(.bss)
    g_wfua_stSendRegs                        0x20003cfe   Data        1306  uartwifi.o(.bss)
    g_rtm_stRegs                             0x20004218   Data          20  rtmanage.o(.bss)
    rtm_param                                0x2000422c   Data         100  rtmanage.o(.bss)
    g_detapp_stRegs                          0x20004290   Data         524  detapp.o(.bss)
    g_sw_stRegs                              0x2000449c   Data          21  switch.o(.bss)
    __libspace_start                         0x200044b4   Data          96  libspace.o(.bss)
    __temporary_stack_top$libspace           0x20004514   Data           0  libspace.o(.bss)



==============================================================================

Memory Map of the image

  Image Entry point : 0x08000189

  Load Region LR_IROM1 (Base: 0x08000000, Size: 0x00004d58, Max: 0x00100000, ABSOLUTE)

    Execution Region ER_IROM1 (Exec base: 0x08000000, Load base: 0x08000000, Size: 0x00004ce8, Max: 0x00100000, ABSOLUTE)

    Exec Addr    Load Addr    Size         Type   Attr      Idx    E Section Name        Object

    0x08000000   0x08000000   0x00000188   Data   RO            3    RESET               startup_stm32f40xx.o
    0x08000188   0x08000188   0x00000008   Code   RO         1613  * !!!main             c_w.l(__main.o)
    0x08000190   0x08000190   0x00000034   Code   RO         1915    !!!scatter          c_w.l(__scatter.o)
    0x080001c4   0x080001c4   0x0000001a   Code   RO         1917    !!handler_copy      c_w.l(__scatter_copy.o)
    0x080001de   0x080001de   0x00000002   PAD
    0x080001e0   0x080001e0   0x0000001c   Code   RO         1919    !!handler_zi        c_w.l(__scatter_zi.o)
    0x080001fc   0x080001fc   0x00000002   Code   RO         1782    .ARM.Collect$$libinit$$00000000  c_w.l(libinit.o)
    0x080001fe   0x080001fe   0x00000004   Code   RO         1789    .ARM.Collect$$libinit$$00000001  c_w.l(libinit2.o)
    0x08000202   0x08000202   0x00000000   Code   RO         1792    .ARM.Collect$$libinit$$00000004  c_w.l(libinit2.o)
    0x08000202   0x08000202   0x00000000   Code   RO         1795    .ARM.Collect$$libinit$$0000000A  c_w.l(libinit2.o)
    0x08000202   0x08000202   0x00000000   Code   RO         1797    .ARM.Collect$$libinit$$0000000C  c_w.l(libinit2.o)
    0x08000202   0x08000202   0x00000000   Code   RO         1799    .ARM.Collect$$libinit$$0000000E  c_w.l(libinit2.o)
    0x08000202   0x08000202   0x00000000   Code   RO         1802    .ARM.Collect$$libinit$$00000011  c_w.l(libinit2.o)
    0x08000202   0x08000202   0x00000000   Code   RO         1804    .ARM.Collect$$libinit$$00000013  c_w.l(libinit2.o)
    0x08000202   0x08000202   0x00000000   Code   RO         1806    .ARM.Collect$$libinit$$00000015  c_w.l(libinit2.o)
    0x08000202   0x08000202   0x00000000   Code   RO         1808    .ARM.Collect$$libinit$$00000017  c_w.l(libinit2.o)
    0x08000202   0x08000202   0x00000000   Code   RO         1810    .ARM.Collect$$libinit$$00000019  c_w.l(libinit2.o)
    0x08000202   0x08000202   0x00000000   Code   RO         1812    .ARM.Collect$$libinit$$0000001B  c_w.l(libinit2.o)
    0x08000202   0x08000202   0x00000000   Code   RO         1814    .ARM.Collect$$libinit$$0000001D  c_w.l(libinit2.o)
    0x08000202   0x08000202   0x00000000   Code   RO         1816    .ARM.Collect$$libinit$$0000001F  c_w.l(libinit2.o)
    0x08000202   0x08000202   0x00000000   Code   RO         1818    .ARM.Collect$$libinit$$00000021  c_w.l(libinit2.o)
    0x08000202   0x08000202   0x00000000   Code   RO         1820    .ARM.Collect$$libinit$$00000023  c_w.l(libinit2.o)
    0x08000202   0x08000202   0x00000000   Code   RO         1822    .ARM.Collect$$libinit$$00000025  c_w.l(libinit2.o)
    0x08000202   0x08000202   0x00000000   Code   RO         1826    .ARM.Collect$$libinit$$0000002C  c_w.l(libinit2.o)
    0x08000202   0x08000202   0x00000000   Code   RO         1828    .ARM.Collect$$libinit$$0000002E  c_w.l(libinit2.o)
    0x08000202   0x08000202   0x00000000   Code   RO         1830    .ARM.Collect$$libinit$$00000030  c_w.l(libinit2.o)
    0x08000202   0x08000202   0x00000000   Code   RO         1832    .ARM.Collect$$libinit$$00000032  c_w.l(libinit2.o)
    0x08000202   0x08000202   0x00000002   Code   RO         1833    .ARM.Collect$$libinit$$00000033  c_w.l(libinit2.o)
    0x08000204   0x08000204   0x00000002   Code   RO         1863    .ARM.Collect$$libshutdown$$00000000  c_w.l(libshutdown.o)
    0x08000206   0x08000206   0x00000000   Code   RO         1880    .ARM.Collect$$libshutdown$$00000002  c_w.l(libshutdown2.o)
    0x08000206   0x08000206   0x00000000   Code   RO         1882    .ARM.Collect$$libshutdown$$00000004  c_w.l(libshutdown2.o)
    0x08000206   0x08000206   0x00000000   Code   RO         1884    .ARM.Collect$$libshutdown$$00000006  c_w.l(libshutdown2.o)
    0x08000206   0x08000206   0x00000000   Code   RO         1887    .ARM.Collect$$libshutdown$$00000009  c_w.l(libshutdown2.o)
    0x08000206   0x08000206   0x00000000   Code   RO         1890    .ARM.Collect$$libshutdown$$0000000C  c_w.l(libshutdown2.o)
    0x08000206   0x08000206   0x00000000   Code   RO         1892    .ARM.Collect$$libshutdown$$0000000E  c_w.l(libshutdown2.o)
    0x08000206   0x08000206   0x00000000   Code   RO         1895    .ARM.Collect$$libshutdown$$00000011  c_w.l(libshutdown2.o)
    0x08000206   0x08000206   0x00000002   Code   RO         1896    .ARM.Collect$$libshutdown$$00000012  c_w.l(libshutdown2.o)
    0x08000208   0x08000208   0x00000000   Code   RO         1675    .ARM.Collect$$rtentry$$00000000  c_w.l(__rtentry.o)
    0x08000208   0x08000208   0x00000000   Code   RO         1737    .ARM.Collect$$rtentry$$00000002  c_w.l(__rtentry2.o)
    0x08000208   0x08000208   0x00000006   Code   RO         1749    .ARM.Collect$$rtentry$$00000004  c_w.l(__rtentry4.o)
    0x0800020e   0x0800020e   0x00000000   Code   RO         1739    .ARM.Collect$$rtentry$$00000009  c_w.l(__rtentry2.o)
    0x0800020e   0x0800020e   0x00000004   Code   RO         1740    .ARM.Collect$$rtentry$$0000000A  c_w.l(__rtentry2.o)
    0x08000212   0x08000212   0x00000000   Code   RO         1742    .ARM.Collect$$rtentry$$0000000C  c_w.l(__rtentry2.o)
    0x08000212   0x08000212   0x00000008   Code   RO         1743    .ARM.Collect$$rtentry$$0000000D  c_w.l(__rtentry2.o)
    0x0800021a   0x0800021a   0x00000002   Code   RO         1783    .ARM.Collect$$rtexit$$00000000  c_w.l(rtexit.o)
    0x0800021c   0x0800021c   0x00000000   Code   RO         1835    .ARM.Collect$$rtexit$$00000002  c_w.l(rtexit2.o)
    0x0800021c   0x0800021c   0x00000004   Code   RO         1836    .ARM.Collect$$rtexit$$00000003  c_w.l(rtexit2.o)
    0x08000220   0x08000220   0x00000006   Code   RO         1837    .ARM.Collect$$rtexit$$00000004  c_w.l(rtexit2.o)
    0x08000226   0x08000226   0x00000002   PAD
    0x08000228   0x08000228   0x00000040   Code   RO            4    .text               startup_stm32f40xx.o
    0x08000268   0x08000268   0x0000006c   Code   RO          135    .text               stm32f4xx_it.o
    0x080002d4   0x080002d4   0x00000210   Code   RO          158    .text               system_stm32f4xx.o
    0x080004e4   0x080004e4   0x00000464   Code   RO          230    .text               stm32f4xx_adc.o
    0x08000948   0x08000948   0x000003a8   Code   RO          454    .text               stm32f4xx_dma.o
    0x08000cf0   0x08000cf0   0x00000608   Code   RO          546    .text               stm32f4xx_fsmc.o
    0x080012f8   0x080012f8   0x00000294   Code   RO          569    .text               stm32f4xx_gpio.o
    0x0800158c   0x0800158c   0x00000634   Code   RO          747    .text               stm32f4xx_rcc.o
    0x08001bc0   0x08001bc0   0x00000454   Code   RO          933    .text               stm32f4xx_usart.o
    0x08002014   0x08002014   0x0000006c   Code   RO          979    .text               main.o
    0x08002080   0x08002080   0x00000250   Code   RO         1054    .text               io.o
    0x080022d0   0x080022d0   0x0000018c   Code   RO         1081    .text               timer.o
    0x0800245c   0x0800245c   0x00000078   Code   RO         1108    .text               app.o
    0x080024d4   0x080024d4   0x000003a4   Code   RO         1138    .text               uart.o
    0x08002878   0x08002878   0x00000590   Code   RO         1262    .text               adc.o
    0x08002e08   0x08002e08   0x000001dc   Code   RO         1317    .text               dma.o
    0x08002fe4   0x08002fe4   0x00000270   Code   RO         1399    .text               dmawifi.o
    0x08003254   0x08003254   0x00000478   Code   RO         1423    .text               uartwifi.o
    0x080036cc   0x080036cc   0x00000180   Code   RO         1450    .text               wifi.o
    0x0800384c   0x0800384c   0x00000818   Code   RO         1480    .text               rtmanage.o
    0x08004064   0x08004064   0x00000426   Code   RO         1522    .text               strs.o
    0x0800448a   0x0800448a   0x00000002   PAD
    0x0800448c   0x0800448c   0x000001d4   Code   RO         1542    .text               detapp.o
    0x08004660   0x08004660   0x000001d4   Code   RO         1573    .text               switch.o
    0x08004834   0x08004834   0x0000003e   Code   RO         1603    .text               c_w.l(strlen.o)
    0x08004872   0x08004872   0x0000008a   Code   RO         1605    .text               c_w.l(rt_memcpy_v6.o)
    0x080048fc   0x080048fc   0x00000044   Code   RO         1607    .text               c_w.l(rt_memclr.o)
    0x08004940   0x08004940   0x0000004e   Code   RO         1609    .text               c_w.l(rt_memclr_w.o)
    0x0800498e   0x0800498e   0x00000006   Code   RO         1611    .text               c_w.l(heapauxi.o)
    0x08004994   0x08004994   0x00000064   Code   RO         1680    .text               c_w.l(rt_memcpy_w.o)
    0x080049f8   0x080049f8   0x00000008   Code   RO         1768    .text               c_w.l(libspace.o)
    0x08004a00   0x08004a00   0x0000004a   Code   RO         1771    .text               c_w.l(sys_stackheap_outer.o)
    0x08004a4a   0x08004a4a   0x00000012   Code   RO         1775    .text               c_w.l(exit.o)
    0x08004a5c   0x08004a5c   0x0000000c   Code   RO         1851    .text               c_w.l(sys_exit.o)
    0x08004a68   0x08004a68   0x00000002   Code   RO         1868    .text               c_w.l(use_no_semi.o)
    0x08004a6a   0x08004a6a   0x00000000   Code   RO         1870    .text               c_w.l(indicate_semi.o)
    0x08004a6a   0x08004a6a   0x0000000a   Code   RO         1849    x$fpl$fpinit        fz_wm.l(fpinit.o)
    0x08004a74   0x08004a74   0x00000019   Data   RO         1109    .constdata          app.o
    0x08004a8d   0x08004a8d   0x00000003   PAD
    0x08004a90   0x08004a90   0x00000040   Data   RO         1264    .constdata          adc.o
    0x08004ad0   0x08004ad0   0x000001f3   Data   RO         1482    .constdata          rtmanage.o
    0x08004cc3   0x08004cc3   0x00000003   Data   RO         1575    .constdata          switch.o
    0x08004cc6   0x08004cc6   0x00000002   PAD
    0x08004cc8   0x08004cc8   0x00000020   Data   RO         1913    Region$$Table       anon$$obj.o


    Execution Region RW_IRAM1 (Exec base: 0x20000000, Load base: 0x08004ce8, Size: 0x00004b18, Max: 0x00020000, ABSOLUTE)

    Exec Addr    Load Addr    Size         Type   Attr      Idx    E Section Name        Object

    0x20000000   0x08004ce8   0x00000014   Data   RW          159    .data               system_stm32f4xx.o
    0x20000014   0x08004cfc   0x00000010   Data   RW          748    .data               stm32f4xx_rcc.o
    0x20000024   0x08004d0c   0x00000008   Data   RW         1083    .data               timer.o
    0x2000002c   0x08004d14   0x00000001   Data   RW         1140    .data               uart.o
    0x2000002d   0x08004d15   0x00000003   PAD
    0x20000030   0x08004d18   0x0000000c   Data   RW         1265    .data               adc.o
    0x2000003c   0x08004d24   0x00000006   Data   RW         1319    .data               dma.o
    0x20000042   0x08004d2a   0x00000006   Data   RW         1401    .data               dmawifi.o
    0x20000048   0x08004d30   0x00000003   Data   RW         1425    .data               uartwifi.o
    0x2000004b   0x08004d33   0x00000006   Data   RW         1451    .data               wifi.o
    0x20000051   0x08004d39   0x00000003   Data   RW         1483    .data               rtmanage.o
    0x20000054   0x08004d3c   0x00000002   Data   RW         1544    .data               detapp.o
    0x20000056   0x08004d3e   0x00000002   PAD
    0x20000058   0x08004d40   0x00000018   Data   RW         1576    .data               switch.o
    0x20000070        -       0x00000014   Zero   RW         1082    .bss                timer.o
    0x20000084        -       0x00000c4a   Zero   RW         1139    .bss                uart.o
    0x20000cce        -       0x00002000   Zero   RW         1263    .bss                adc.o
    0x20002cce        -       0x00000480   Zero   RW         1318    .bss                dma.o
    0x2000314e        -       0x00000480   Zero   RW         1400    .bss                dmawifi.o
    0x200035ce        -       0x00000c4a   Zero   RW         1424    .bss                uartwifi.o
    0x20004218        -       0x00000078   Zero   RW         1481    .bss                rtmanage.o
    0x20004290        -       0x0000020c   Zero   RW         1543    .bss                detapp.o
    0x2000449c        -       0x00000015   Zero   RW         1574    .bss                switch.o
    0x200044b1   0x08004d58   0x00000003   PAD
    0x200044b4        -       0x00000060   Zero   RW         1769    .bss                c_w.l(libspace.o)
    0x20004514   0x08004d58   0x00000004   PAD
    0x20004518        -       0x00000200   Zero   RW            2    HEAP                startup_stm32f40xx.o
    0x20004718        -       0x00000400   Zero   RW            1    STACK               startup_stm32f40xx.o


==============================================================================

Image component sizes


      Code (inc. data)   RO Data    RW Data    ZI Data      Debug   Object Name

      1424         76         64         12       8192       5312   adc.o
       120         14         25          0          0       1254   app.o
       468         38          0          2        524       2112   detapp.o
       476         30          0          6       1152       2998   dma.o
       624         28          0          6       1152       3577   dmawifi.o
       592          0          0          0          0       6015   io.o
       108          0          0          0          0        624   main.o
         0          0          0          0          0     240760   misc.o
      2072         60        499          3        120      15817   rtmanage.o
        64         26        392          0       1536        828   startup_stm32f40xx.o
      1124         24          0          0          0      24402   stm32f4xx_adc.o
         0          0          0          0          0      52516   stm32f4xx_assert.o
       936         32          0          0          0      18817   stm32f4xx_dma.o
      1544         14          0          0          0      13207   stm32f4xx_fsmc.o
       660         44          0          0          0      10805   stm32f4xx_gpio.o
       108         50          0          0          0       1334   stm32f4xx_it.o
      1588         52          0         16          0      27758   stm32f4xx_rcc.o
      1108         34          0          0          0      13712   stm32f4xx_usart.o
      1062          0          0          0          0       5768   strs.o
       468         18          3         24         21       2870   switch.o
       528         46          0         20          0       1727   system_stm32f4xx.o
       396         40          0          8         20       1909   timer.o
       932         26          0          1       3146       3743   uart.o
      1144         40          0          3       3146       4943   uartwifi.o
       384         30          0          6          0       2068   wifi.o

    ----------------------------------------------------------------------
     17932        722       1020        112      19012     464876   Object Totals
         0          0         32          0          0          0   (incl. Generated)
         2          0          5          5          3          0   (incl. Padding)

    ----------------------------------------------------------------------

      Code (inc. data)   RO Data    RW Data    ZI Data      Debug   Library Member Name

         8          0          0          0          0         68   __main.o
         0          0          0          0          0          0   __rtentry.o
        12          0          0          0          0          0   __rtentry2.o
         6          0          0          0          0          0   __rtentry4.o
        52          8          0          0          0          0   __scatter.o
        26          0          0          0          0          0   __scatter_copy.o
        28          0          0          0          0          0   __scatter_zi.o
        18          0          0          0          0         80   exit.o
         6          0          0          0          0        152   heapauxi.o
         0          0          0          0          0          0   indicate_semi.o
         2          0          0          0          0          0   libinit.o
         6          0          0          0          0          0   libinit2.o
         2          0          0          0          0          0   libshutdown.o
         2          0          0          0          0          0   libshutdown2.o
         8          4          0          0         96         68   libspace.o
        68          0          0          0          0         68   rt_memclr.o
        78          0          0          0          0         80   rt_memclr_w.o
       138          0          0          0          0         68   rt_memcpy_v6.o
       100          0          0          0          0         80   rt_memcpy_w.o
         2          0          0          0          0          0   rtexit.o
        10          0          0          0          0          0   rtexit2.o
        62          0          0          0          0         76   strlen.o
        12          4          0          0          0         68   sys_exit.o
        74          0          0          0          0         80   sys_stackheap_outer.o
         2          0          0          0          0         68   use_no_semi.o
        10          0          0          0          0        116   fpinit.o

    ----------------------------------------------------------------------
       736         16          0          0        100       1072   Library Totals
         4          0          0          0          4          0   (incl. Padding)

    ----------------------------------------------------------------------

      Code (inc. data)   RO Data    RW Data    ZI Data      Debug   Library Name

       722         16          0          0         96        956   c_w.l
        10          0          0          0          0        116   fz_wm.l

    ----------------------------------------------------------------------
       736         16          0          0        100       1072   Library Totals

    ----------------------------------------------------------------------

==============================================================================


      Code (inc. data)   RO Data    RW Data    ZI Data      Debug   

     18668        738       1020        112      19112     459632   Grand Totals
     18668        738       1020        112      19112     459632   ELF Image Totals
     18668        738       1020        112          0          0   ROM Totals

==============================================================================

    Total RO  Size (Code + RO Data)                19688 (  19.23kB)
    Total RW  Size (RW Data + ZI Data)             19224 (  18.77kB)
    Total ROM Size (Code + RO Data + RW Data)      19800 (  19.34kB)

==============================================================================

